This is pdfTeX, Version 3.141592653-2.6-1.40.24 (MiKTeX 22.1) (preloaded format=pdflatex 2025.4.17)  1 MAY 2025 21:02
entering extended mode
 restricted \write18 enabled.
 file:line:error style messages enabled.
 %&-line parsing enabled.
**/Users/yutasato/Projects/Liverpool/tech_demo_gnn/beamer-presentation/slides/main.tex
(/Users/yutasato/Projects/Liverpool/tech_demo_gnn/beamer-presentation/slides/main.tex
LaTeX2e <2024-11-01> patch level 2
L3 programming layer <2025-03-26>
(/Users/yutasato/Library/Application Support/MiKTeX/texmfs/install/tex/latex/beamer/beamer.cls
Document Class: beamer 2025/02/04 v3.72 A class for typesetting presentations
(/Users/yutasato/Library/Application Support/MiKTeX/texmfs/install/tex/latex/beamer/beamerbasemodes.sty (/Users/yutasato/Library/Application Support/MiKTeX/texmfs/install/tex/latex/etoolbox/etoolbox.sty
Package: etoolbox 2025/02/11 v2.5l e-TeX tools for LaTeX (JAW)
\etb@tempcnta=\count197
)
\beamer@tempbox=\box53
\beamer@tempcount=\count198
\c@beamerpauses=\count199
 (/Users/yutasato/Library/Application Support/MiKTeX/texmfs/install/tex/latex/beamer/beamerbasedecode.sty
\beamer@slideinframe=\count266
\beamer@minimum=\count267
\beamer@decode@box=\box54
)
\beamer@commentbox=\box55
\beamer@modecount=\count268
) (/Users/yutasato/Library/Application Support/MiKTeX/texmfs/install/tex/generic/iftex/iftex.sty
Package: iftex 2024/12/12 v1.0g TeX engine tests
)
\headdp=\dimen146
\footheight=\dimen147
\sidebarheight=\dimen148
\beamer@tempdim=\dimen149
\beamer@finalheight=\dimen150
\beamer@animht=\dimen151
\beamer@animdp=\dimen152
\beamer@animwd=\dimen153
\beamer@leftmargin=\dimen154
\beamer@rightmargin=\dimen155
\beamer@leftsidebar=\dimen156
\beamer@rightsidebar=\dimen157
\beamer@boxsize=\dimen158
\beamer@vboxoffset=\dimen159
\beamer@descdefault=\dimen160
\beamer@descriptionwidth=\dimen161
\beamer@lastskip=\skip49
\beamer@areabox=\box56
\beamer@animcurrent=\box57
\beamer@animshowbox=\box58
\beamer@sectionbox=\box59
\beamer@logobox=\box60
\beamer@linebox=\box61
\beamer@sectioncount=\count269
\beamer@subsubsectionmax=\count270
\beamer@subsectionmax=\count271
\beamer@sectionmax=\count272
\beamer@totalheads=\count273
\beamer@headcounter=\count274
\beamer@partstartpage=\count275
\beamer@sectionstartpage=\count276
\beamer@subsectionstartpage=\count277
\beamer@animationtempa=\count278
\beamer@animationtempb=\count279
\beamer@xpos=\count280
\beamer@ypos=\count281
\beamer@ypos@offset=\count282
\beamer@showpartnumber=\count283
\beamer@currentsubsection=\count284
\beamer@coveringdepth=\count285
\beamer@sectionadjust=\count286
\beamer@toclastsection=\count287
\beamer@tocsectionnumber=\count288
 (/Users/yutasato/Library/Application Support/MiKTeX/texmfs/install/tex/latex/beamer/beamerbaseoptions.sty (/Users/yutasato/Library/Application Support/MiKTeX/texmfs/install/tex/latex/graphics/keyval.sty
Package: keyval 2022/05/29 v1.15 key=value parser (DPC)
\KV@toks@=\toks17
))
\beamer@paperwidth=\skip50
\beamer@paperheight=\skip51
 (/Users/yutasato/Library/Application Support/MiKTeX/texmfs/install/tex/latex/geometry/geometry.sty
Package: geometry 2020/01/02 v5.9 Page Geometry
 (/Users/yutasato/Library/Application Support/MiKTeX/texmfs/install/tex/generic/iftex/ifvtex.sty
Package: ifvtex 2019/10/25 v1.7 ifvtex legacy package. Use iftex instead.
)
\Gm@cnth=\count289
\Gm@cntv=\count290
\c@Gm@tempcnt=\count291
\Gm@bindingoffset=\dimen162
\Gm@wd@mp=\dimen163
\Gm@odd@mp=\dimen164
\Gm@even@mp=\dimen165
\Gm@layoutwidth=\dimen166
\Gm@layoutheight=\dimen167
\Gm@layouthoffset=\dimen168
\Gm@layoutvoffset=\dimen169
\Gm@dimlist=\toks18
 (/Users/yutasato/Library/Application Support/MiKTeX/texmfs/install/tex/latex/geometry/geometry.cfg)) (/Users/yutasato/Library/Application Support/MiKTeX/texmfs/install/tex/latex/pgf/math/pgfmath.sty (/Users/yutasato/Library/Application Support/MiKTeX/texmfs/install/tex/latex/pgf/utilities/pgfrcs.sty (/Users/yutasato/Library/Application Support/MiKTeX/texmfs/install/tex/generic/pgf/utilities/pgfutil-common.tex
\pgfutil@everybye=\toks19
\pgfutil@tempdima=\dimen170
\pgfutil@tempdimb=\dimen171
) (/Users/yutasato/Library/Application Support/MiKTeX/texmfs/install/tex/generic/pgf/utilities/pgfutil-latex.def
\pgfutil@abb=\box62
) (/Users/yutasato/Library/Application Support/MiKTeX/texmfs/install/tex/generic/pgf/utilities/pgfrcs.code.tex (/Users/yutasato/Library/Application Support/MiKTeX/texmfs/install/tex/generic/pgf/pgf.revision.tex)
Package: pgfrcs 2023-01-15 v3.1.10 (3.1.10)
)) (/Users/yutasato/Library/Application Support/MiKTeX/texmfs/install/tex/latex/pgf/utilities/pgfkeys.sty (/Users/yutasato/Library/Application Support/MiKTeX/texmfs/install/tex/generic/pgf/utilities/pgfkeys.code.tex
\pgfkeys@pathtoks=\toks20
\pgfkeys@temptoks=\toks21
 (/Users/yutasato/Library/Application Support/MiKTeX/texmfs/install/tex/generic/pgf/utilities/pgfkeyslibraryfiltered.code.tex
\pgfkeys@tmptoks=\toks22
))) (/Users/yutasato/Library/Application Support/MiKTeX/texmfs/install/tex/generic/pgf/math/pgfmath.code.tex (/Users/yutasato/Library/Application Support/MiKTeX/texmfs/install/tex/generic/pgf/math/pgfmathutil.code.tex
\pgf@x=\dimen172
\pgf@xa=\dimen173
\pgf@xb=\dimen174
\pgf@xc=\dimen175
\pgf@y=\dimen176
\pgf@ya=\dimen177
\pgf@yb=\dimen178
\pgf@yc=\dimen179
\c@pgf@counta=\count292
\c@pgf@countb=\count293
\c@pgf@countc=\count294
\c@pgf@countd=\count295
) (/Users/yutasato/Library/Application Support/MiKTeX/texmfs/install/tex/generic/pgf/math/pgfmathparser.code.tex
\pgfmath@dimen=\dimen180
\pgfmath@count=\count296
\pgfmath@box=\box63
\pgfmath@toks=\toks23
\pgfmath@stack@operand=\toks24
\pgfmath@stack@operation=\toks25
) (/Users/yutasato/Library/Application Support/MiKTeX/texmfs/install/tex/generic/pgf/math/pgfmathfunctions.code.tex) (/Users/yutasato/Library/Application Support/MiKTeX/texmfs/install/tex/generic/pgf/math/pgfmathfunctions.basic.code.tex) (/Users/yutasato/Library/Application Support/MiKTeX/texmfs/install/tex/generic/pgf/math/pgfmathfunctions.trigonometric.code.tex) (/Users/yutasato/Library/Application Support/MiKTeX/texmfs/install/tex/generic/pgf/math/pgfmathfunctions.random.code.tex) (/Users/yutasato/Library/Application Support/MiKTeX/texmfs/install/tex/generic/pgf/math/pgfmathfunctions.comparison.code.tex) (/Users/yutasato/Library/Application Support/MiKTeX/texmfs/install/tex/generic/pgf/math/pgfmathfunctions.base.code.tex) (/Users/yutasato/Library/Application Support/MiKTeX/texmfs/install/tex/generic/pgf/math/pgfmathfunctions.round.code.tex) (/Users/yutasato/Library/Application Support/MiKTeX/texmfs/install/tex/generic/pgf/math/pgfmathfunctions.misc.code.tex) (/Users/yutasato/Library/Application Support/MiKTeX/texmfs/install/tex/generic/pgf/math/pgfmathfunctions.integerarithmetics.code.tex) (/Users/yutasato/Library/Application Support/MiKTeX/texmfs/install/tex/generic/pgf/math/pgfmathcalc.code.tex) (/Users/yutasato/Library/Application Support/MiKTeX/texmfs/install/tex/generic/pgf/math/pgfmathfloat.code.tex
\c@pgfmathroundto@lastzeros=\count297
))) (/Users/yutasato/Library/Application Support/MiKTeX/texmfs/install/tex/latex/base/size11.clo
File: size11.clo 2024/06/29 v1.4n Standard LaTeX file (size option)
) (/Users/yutasato/Library/Application Support/MiKTeX/texmfs/install/tex/latex/pgf/basiclayer/pgfcore.sty (/Users/yutasato/Library/Application Support/MiKTeX/texmfs/install/tex/latex/graphics/graphicx.sty
Package: graphicx 2021/09/16 v1.2d Enhanced LaTeX Graphics (DPC,SPQR)
 (/Users/yutasato/Library/Application Support/MiKTeX/texmfs/install/tex/latex/graphics/graphics.sty
Package: graphics 2024/08/06 v1.4g Standard LaTeX Graphics (DPC,SPQR)
 (/Users/yutasato/Library/Application Support/MiKTeX/texmfs/install/tex/latex/graphics/trig.sty
Package: trig 2023/12/02 v1.11 sin cos tan (DPC)
) (/Users/yutasato/Library/Application Support/MiKTeX/texmfs/install/tex/latex/graphics-cfg/graphics.cfg
File: graphics.cfg 2016/06/04 v1.11 sample graphics configuration
)
Package graphics Info: Driver file: pdftex.def on input line 106.
 (/Users/yutasato/Library/Application Support/MiKTeX/texmfs/install/tex/latex/graphics-def/pdftex.def
File: pdftex.def 2024/04/13 v1.2c Graphics/color driver for pdftex
))
\Gin@req@height=\dimen181
\Gin@req@width=\dimen182
) (/Users/yutasato/Library/Application Support/MiKTeX/texmfs/install/tex/latex/pgf/systemlayer/pgfsys.sty (/Users/yutasato/Library/Application Support/MiKTeX/texmfs/install/tex/generic/pgf/systemlayer/pgfsys.code.tex
Package: pgfsys 2023-01-15 v3.1.10 (3.1.10)
\pgf@x=\dimen183
\pgf@y=\dimen184
\pgf@xa=\dimen185
\pgf@ya=\dimen186
\pgf@xb=\dimen187
\pgf@yb=\dimen188
\pgf@xc=\dimen189
\pgf@yc=\dimen190
\pgf@xd=\dimen191
\pgf@yd=\dimen192
\w@pgf@writea=\write3
\r@pgf@reada=\read2
\c@pgf@counta=\count298
\c@pgf@countb=\count299
\c@pgf@countc=\count300
\c@pgf@countd=\count301
\t@pgf@toka=\toks26
\t@pgf@tokb=\toks27
\t@pgf@tokc=\toks28
\pgf@sys@id@count=\count302
 (/Users/yutasato/Library/Application Support/MiKTeX/texmfs/install/tex/generic/pgf/systemlayer/pgf.cfg
File: pgf.cfg 2023-01-15 v3.1.10 (3.1.10)
)
Driver file for pgf: pgfsys-pdftex.def
 (/Users/yutasato/Library/Application Support/MiKTeX/texmfs/install/tex/generic/pgf/systemlayer/pgfsys-pdftex.def
File: pgfsys-pdftex.def 2023-01-15 v3.1.10 (3.1.10)
 (/Users/yutasato/Library/Application Support/MiKTeX/texmfs/install/tex/generic/pgf/systemlayer/pgfsys-common-pdf.def
File: pgfsys-common-pdf.def 2023-01-15 v3.1.10 (3.1.10)
))) (/Users/yutasato/Library/Application Support/MiKTeX/texmfs/install/tex/generic/pgf/systemlayer/pgfsyssoftpath.code.tex
File: pgfsyssoftpath.code.tex 2023-01-15 v3.1.10 (3.1.10)
\pgfsyssoftpath@smallbuffer@items=\count303
\pgfsyssoftpath@bigbuffer@items=\count304
) (/Users/yutasato/Library/Application Support/MiKTeX/texmfs/install/tex/generic/pgf/systemlayer/pgfsysprotocol.code.tex
File: pgfsysprotocol.code.tex 2023-01-15 v3.1.10 (3.1.10)
)) (/Users/yutasato/Library/Application Support/MiKTeX/texmfs/install/tex/latex/xcolor/xcolor.sty
Package: xcolor 2024/09/29 v3.02 LaTeX color extensions (UK)
 (/Users/yutasato/Library/Application Support/MiKTeX/texmfs/install/tex/latex/graphics-cfg/color.cfg
File: color.cfg 2016/01/02 v1.6 sample color configuration
)
Package xcolor Info: Driver file: pdftex.def on input line 274.
 (/Users/yutasato/Library/Application Support/MiKTeX/texmfs/install/tex/latex/graphics/mathcolor.ltx)
Package xcolor Info: Model `cmy' substituted by `cmy0' on input line 1349.
Package xcolor Info: Model `hsb' substituted by `rgb' on input line 1353.
Package xcolor Info: Model `RGB' extended on input line 1365.
Package xcolor Info: Model `HTML' substituted by `rgb' on input line 1367.
Package xcolor Info: Model `Hsb' substituted by `hsb' on input line 1368.
Package xcolor Info: Model `tHsb' substituted by `hsb' on input line 1369.
Package xcolor Info: Model `HSB' substituted by `hsb' on input line 1370.
Package xcolor Info: Model `Gray' substituted by `gray' on input line 1371.
Package xcolor Info: Model `wave' substituted by `hsb' on input line 1372.
) (/Users/yutasato/Library/Application Support/MiKTeX/texmfs/install/tex/generic/pgf/basiclayer/pgfcore.code.tex
Package: pgfcore 2023-01-15 v3.1.10 (3.1.10)
 (/Users/yutasato/Library/Application Support/MiKTeX/texmfs/install/tex/generic/pgf/math/pgfint.code.tex) (/Users/yutasato/Library/Application Support/MiKTeX/texmfs/install/tex/generic/pgf/basiclayer/pgfcorepoints.code.tex
File: pgfcorepoints.code.tex 2023-01-15 v3.1.10 (3.1.10)
\pgf@picminx=\dimen193
\pgf@picmaxx=\dimen194
\pgf@picminy=\dimen195
\pgf@picmaxy=\dimen196
\pgf@pathminx=\dimen197
\pgf@pathmaxx=\dimen198
\pgf@pathminy=\dimen199
\pgf@pathmaxy=\dimen256
\pgf@xx=\dimen257
\pgf@xy=\dimen258
\pgf@yx=\dimen259
\pgf@yy=\dimen260
\pgf@zx=\dimen261
\pgf@zy=\dimen262
) (/Users/yutasato/Library/Application Support/MiKTeX/texmfs/install/tex/generic/pgf/basiclayer/pgfcorepathconstruct.code.tex
File: pgfcorepathconstruct.code.tex 2023-01-15 v3.1.10 (3.1.10)
\pgf@path@lastx=\dimen263
\pgf@path@lasty=\dimen264
) (/Users/yutasato/Library/Application Support/MiKTeX/texmfs/install/tex/generic/pgf/basiclayer/pgfcorepathusage.code.tex
File: pgfcorepathusage.code.tex 2023-01-15 v3.1.10 (3.1.10)
\pgf@shorten@end@additional=\dimen265
\pgf@shorten@start@additional=\dimen266
) (/Users/yutasato/Library/Application Support/MiKTeX/texmfs/install/tex/generic/pgf/basiclayer/pgfcorescopes.code.tex
File: pgfcorescopes.code.tex 2023-01-15 v3.1.10 (3.1.10)
\pgfpic=\box64
\pgf@hbox=\box65
\pgf@layerbox@main=\box66
\pgf@picture@serial@count=\count305
) (/Users/yutasato/Library/Application Support/MiKTeX/texmfs/install/tex/generic/pgf/basiclayer/pgfcoregraphicstate.code.tex
File: pgfcoregraphicstate.code.tex 2023-01-15 v3.1.10 (3.1.10)
\pgflinewidth=\dimen267
) (/Users/yutasato/Library/Application Support/MiKTeX/texmfs/install/tex/generic/pgf/basiclayer/pgfcoretransformations.code.tex
File: pgfcoretransformations.code.tex 2023-01-15 v3.1.10 (3.1.10)
\pgf@pt@x=\dimen268
\pgf@pt@y=\dimen269
\pgf@pt@temp=\dimen270
) (/Users/yutasato/Library/Application Support/MiKTeX/texmfs/install/tex/generic/pgf/basiclayer/pgfcorequick.code.tex
File: pgfcorequick.code.tex 2023-01-15 v3.1.10 (3.1.10)
) (/Users/yutasato/Library/Application Support/MiKTeX/texmfs/install/tex/generic/pgf/basiclayer/pgfcoreobjects.code.tex
File: pgfcoreobjects.code.tex 2023-01-15 v3.1.10 (3.1.10)
) (/Users/yutasato/Library/Application Support/MiKTeX/texmfs/install/tex/generic/pgf/basiclayer/pgfcorepathprocessing.code.tex
File: pgfcorepathprocessing.code.tex 2023-01-15 v3.1.10 (3.1.10)
) (/Users/yutasato/Library/Application Support/MiKTeX/texmfs/install/tex/generic/pgf/basiclayer/pgfcorearrows.code.tex
File: pgfcorearrows.code.tex 2023-01-15 v3.1.10 (3.1.10)
\pgfarrowsep=\dimen271
) (/Users/yutasato/Library/Application Support/MiKTeX/texmfs/install/tex/generic/pgf/basiclayer/pgfcoreshade.code.tex
File: pgfcoreshade.code.tex 2023-01-15 v3.1.10 (3.1.10)
\pgf@max=\dimen272
\pgf@sys@shading@range@num=\count306
\pgf@shadingcount=\count307
) (/Users/yutasato/Library/Application Support/MiKTeX/texmfs/install/tex/generic/pgf/basiclayer/pgfcoreimage.code.tex
File: pgfcoreimage.code.tex 2023-01-15 v3.1.10 (3.1.10)
) (/Users/yutasato/Library/Application Support/MiKTeX/texmfs/install/tex/generic/pgf/basiclayer/pgfcoreexternal.code.tex
File: pgfcoreexternal.code.tex 2023-01-15 v3.1.10 (3.1.10)
\pgfexternal@startupbox=\box67
) (/Users/yutasato/Library/Application Support/MiKTeX/texmfs/install/tex/generic/pgf/basiclayer/pgfcorelayers.code.tex
File: pgfcorelayers.code.tex 2023-01-15 v3.1.10 (3.1.10)
) (/Users/yutasato/Library/Application Support/MiKTeX/texmfs/install/tex/generic/pgf/basiclayer/pgfcoretransparency.code.tex
File: pgfcoretransparency.code.tex 2023-01-15 v3.1.10 (3.1.10)
) (/Users/yutasato/Library/Application Support/MiKTeX/texmfs/install/tex/generic/pgf/basiclayer/pgfcorepatterns.code.tex
File: pgfcorepatterns.code.tex 2023-01-15 v3.1.10 (3.1.10)
) (/Users/yutasato/Library/Application Support/MiKTeX/texmfs/install/tex/generic/pgf/basiclayer/pgfcorerdf.code.tex
File: pgfcorerdf.code.tex 2023-01-15 v3.1.10 (3.1.10)
))) (/Users/yutasato/Library/Application Support/MiKTeX/texmfs/install/tex/latex/pgf/utilities/xxcolor.sty
Package: xxcolor 2003/10/24 ver 0.1
\XC@nummixins=\count308
\XC@countmixins=\count309
) (/Users/yutasato/Library/Application Support/MiKTeX/texmfs/install/tex/latex/base/atbegshi-ltx.sty
Package: atbegshi-ltx 2021/01/10 v1.0c Emulation of the original atbegshi
package with kernel methods
) (/Users/yutasato/Library/Application Support/MiKTeX/texmfs/install/tex/latex/hyperref/hyperref.sty
Package: hyperref 2024-11-05 v7.01l Hypertext links for LaTeX
 (/Users/yutasato/Library/Application Support/MiKTeX/texmfs/install/tex/latex/kvsetkeys/kvsetkeys.sty
Package: kvsetkeys 2022-10-05 v1.19 Key value parser (HO)
) (/Users/yutasato/Library/Application Support/MiKTeX/texmfs/install/tex/generic/kvdefinekeys/kvdefinekeys.sty
Package: kvdefinekeys 2019-12-19 v1.6 Define keys (HO)
) (/Users/yutasato/Library/Application Support/MiKTeX/texmfs/install/tex/generic/pdfescape/pdfescape.sty
Package: pdfescape 2019/12/09 v1.15 Implements pdfTeX's escape features (HO)
 (/Users/yutasato/Library/Application Support/MiKTeX/texmfs/install/tex/generic/ltxcmds/ltxcmds.sty
Package: ltxcmds 2023-12-04 v1.26 LaTeX kernel commands for general use (HO)
) (/Users/yutasato/Library/Application Support/MiKTeX/texmfs/install/tex/generic/pdftexcmds/pdftexcmds.sty
Package: pdftexcmds 2020-06-27 v0.33 Utility functions of pdfTeX for LuaTeX (HO)
 (/Users/yutasato/Library/Application Support/MiKTeX/texmfs/install/tex/generic/infwarerr/infwarerr.sty
Package: infwarerr 2019/12/03 v1.5 Providing info/warning/error messages (HO)
)
Package pdftexcmds Info: \pdf@primitive is available.
Package pdftexcmds Info: \pdf@ifprimitive is available.
Package pdftexcmds Info: \pdfdraftmode found.
)) (/Users/yutasato/Library/Application Support/MiKTeX/texmfs/install/tex/latex/hycolor/hycolor.sty
Package: hycolor 2020-01-27 v1.10 Color options for hyperref/bookmark (HO)
) (/Users/yutasato/Library/Application Support/MiKTeX/texmfs/install/tex/latex/hyperref/nameref.sty
Package: nameref 2023-11-26 v2.56 Cross-referencing by name of section
 (/Users/yutasato/Library/Application Support/MiKTeX/texmfs/install/tex/latex/refcount/refcount.sty
Package: refcount 2019/12/15 v3.6 Data extraction from label references (HO)
) (/Users/yutasato/Library/Application Support/MiKTeX/texmfs/install/tex/generic/gettitlestring/gettitlestring.sty
Package: gettitlestring 2019/12/15 v1.6 Cleanup title references (HO)
 (/Users/yutasato/Library/Application Support/MiKTeX/texmfs/install/tex/latex/kvoptions/kvoptions.sty
Package: kvoptions 2022-06-15 v3.15 Key value format for package options (HO)
))
\c@section@level=\count310
) (/Users/yutasato/Library/Application Support/MiKTeX/texmfs/install/tex/generic/stringenc/stringenc.sty
Package: stringenc 2019/11/29 v1.12 Convert strings between diff. encodings (HO)
)
\@linkdim=\dimen273
\Hy@linkcounter=\count311
\Hy@pagecounter=\count312
 (/Users/yutasato/Library/Application Support/MiKTeX/texmfs/install/tex/latex/hyperref/pd1enc.def
File: pd1enc.def 2024-11-05 v7.01l Hyperref: PDFDocEncoding definition (HO)
Now handling font encoding PD1 ...
... no UTF-8 mapping file for font encoding PD1
) (/Users/yutasato/Library/Application Support/MiKTeX/texmfs/install/tex/generic/intcalc/intcalc.sty
Package: intcalc 2019/12/15 v1.3 Expandable calculations with integers (HO)
)
\Hy@SavedSpaceFactor=\count313
 (/Users/yutasato/Library/Application Support/MiKTeX/texmfs/install/tex/latex/hyperref/puenc.def
File: puenc.def 2024-11-05 v7.01l Hyperref: PDF Unicode definition (HO)
Now handling font encoding PU ...
... no UTF-8 mapping file for font encoding PU
)
Package hyperref Info: Option `bookmarks' set `true' on input line 4040.
Package hyperref Info: Option `bookmarksopen' set `true' on input line 4040.
Package hyperref Info: Option `implicit' set `false' on input line 4040.
Package hyperref Info: Hyper figures OFF on input line 4157.
Package hyperref Info: Link nesting OFF on input line 4162.
Package hyperref Info: Hyper index ON on input line 4165.
Package hyperref Info: Plain pages OFF on input line 4172.
Package hyperref Info: Backreferencing OFF on input line 4177.
Package hyperref Info: Implicit mode OFF; no redefinition of LaTeX internals.
Package hyperref Info: Bookmarks ON on input line 4424.
\c@Hy@tempcnt=\count314
 (/Users/yutasato/Library/Application Support/MiKTeX/texmfs/install/tex/latex/url/url.sty
\Urlmuskip=\muskip17
Package: url 2013/09/16  ver 3.4  Verb mode for urls, etc.
)
LaTeX Info: Redefining \url on input line 4763.
\XeTeXLinkMargin=\dimen274
 (/Users/yutasato/Library/Application Support/MiKTeX/texmfs/install/tex/generic/bitset/bitset.sty
Package: bitset 2019/12/09 v1.3 Handle bit-vector datatype (HO)
 (/Users/yutasato/Library/Application Support/MiKTeX/texmfs/install/tex/generic/bigintcalc/bigintcalc.sty
Package: bigintcalc 2019/12/15 v1.5 Expandable calculations on big integers (HO)
))
\Fld@menulength=\count315
\Field@Width=\dimen275
\Fld@charsize=\dimen276
Package hyperref Info: Hyper figures OFF on input line 6042.
Package hyperref Info: Link nesting OFF on input line 6047.
Package hyperref Info: Hyper index ON on input line 6050.
Package hyperref Info: backreferencing OFF on input line 6057.
Package hyperref Info: Link coloring OFF on input line 6062.
Package hyperref Info: Link coloring with OCG OFF on input line 6067.
Package hyperref Info: PDF/A mode OFF on input line 6072.
\Hy@abspage=\count316


Package hyperref Message: Stopped early.

)
Package hyperref Info: Driver (autodetected): hpdftex.
 (/Users/yutasato/Library/Application Support/MiKTeX/texmfs/install/tex/latex/hyperref/hpdftex.def
File: hpdftex.def 2024-11-05 v7.01l Hyperref driver for pdfTeX
 (/Users/yutasato/Library/Application Support/MiKTeX/texmfs/install/tex/latex/base/atveryend-ltx.sty
Package: atveryend-ltx 2020/08/19 v1.0a Emulation of the original atveryend package
with kernel methods
)
\Fld@listcount=\count317
\c@bookmark@seq@number=\count318
 (/Users/yutasato/Library/Application Support/MiKTeX/texmfs/install/tex/latex/rerunfilecheck/rerunfilecheck.sty
Package: rerunfilecheck 2022-07-10 v1.10 Rerun checks for auxiliary files (HO)
 (/Users/yutasato/Library/Application Support/MiKTeX/texmfs/install/tex/generic/uniquecounter/uniquecounter.sty
Package: uniquecounter 2019/12/15 v1.4 Provide unlimited unique counter (HO)
)
Package uniquecounter Info: New unique counter `rerunfilecheck' on input line 285.
)) (/Users/yutasato/Library/Application Support/MiKTeX/texmfs/install/tex/latex/beamer/beamerbaserequires.sty (/Users/yutasato/Library/Application Support/MiKTeX/texmfs/install/tex/latex/beamer/beamerbasecompatibility.sty) (/Users/yutasato/Library/Application Support/MiKTeX/texmfs/install/tex/latex/beamer/beamerbasefont.sty (/Users/yutasato/Library/Application Support/MiKTeX/texmfs/install/tex/latex/amsfonts/amssymb.sty
Package: amssymb 2013/01/14 v3.01 AMS font symbols
 (/Users/yutasato/Library/Application Support/MiKTeX/texmfs/install/tex/latex/amsfonts/amsfonts.sty
Package: amsfonts 2013/01/14 v3.01 Basic AMSFonts support
\@emptytoks=\toks29
\symAMSa=\mathgroup4
\symAMSb=\mathgroup5
LaTeX Font Info:    Redeclaring math symbol \hbar on input line 98.
LaTeX Font Info:    Overwriting math alphabet `\mathfrak' in version `bold'
(Font)                  U/euf/m/n --> U/euf/b/n on input line 106.
)) (/Users/yutasato/Library/Application Support/MiKTeX/texmfs/install/tex/latex/sansmathaccent/sansmathaccent.sty
Package: sansmathaccent 2020/01/31
 (/Users/yutasato/Library/Application Support/MiKTeX/texmfs/install/tex/latex/koma-script/scrlfile.sty
Package: scrlfile 2024/10/24 v3.43 KOMA-Script package (file load hooks)
 (/Users/yutasato/Library/Application Support/MiKTeX/texmfs/install/tex/latex/koma-script/scrlfile-hook.sty
Package: scrlfile-hook 2024/10/24 v3.43 KOMA-Script package (using LaTeX hooks)
 (/Users/yutasato/Library/Application Support/MiKTeX/texmfs/install/tex/latex/koma-script/scrlogo.sty
Package: scrlogo 2024/10/24 v3.43 KOMA-Script package (logo)
))))) (/Users/yutasato/Library/Application Support/MiKTeX/texmfs/install/tex/latex/beamer/beamerbasetranslator.sty (/Users/yutasato/Library/Application Support/MiKTeX/texmfs/install/tex/latex/translator/translator.sty
Package: translator 2021-05-31 v1.12d Easy translation of strings in LaTeX
)) (/Users/yutasato/Library/Application Support/MiKTeX/texmfs/install/tex/latex/beamer/beamerbasemisc.sty) (/Users/yutasato/Library/Application Support/MiKTeX/texmfs/install/tex/latex/beamer/beamerbasetwoscreens.sty) (/Users/yutasato/Library/Application Support/MiKTeX/texmfs/install/tex/latex/beamer/beamerbaseoverlay.sty
\beamer@argscount=\count319
\beamer@lastskipcover=\skip52
\beamer@trivlistdepth=\count320
) (/Users/yutasato/Library/Application Support/MiKTeX/texmfs/install/tex/latex/beamer/beamerbasetitle.sty) (/Users/yutasato/Library/Application Support/MiKTeX/texmfs/install/tex/latex/beamer/beamerbasesection.sty
\c@lecture=\count321
\c@part=\count322
\c@section=\count323
\c@subsection=\count324
\c@subsubsection=\count325
) (/Users/yutasato/Library/Application Support/MiKTeX/texmfs/install/tex/latex/beamer/beamerbaseframe.sty
\beamer@framebox=\box68
\beamer@frametitlebox=\box69
\beamer@zoombox=\box70
\beamer@zoomcount=\count326
\beamer@zoomframecount=\count327
\beamer@frametextheight=\dimen277
\c@subsectionslide=\count328
\beamer@frametopskip=\skip53
\beamer@framebottomskip=\skip54
\beamer@frametopskipautobreak=\skip55
\beamer@framebottomskipautobreak=\skip56
\beamer@envbody=\toks30
\framewidth=\dimen278
\c@framenumber=\count329
) (/Users/yutasato/Library/Application Support/MiKTeX/texmfs/install/tex/latex/beamer/beamerbaseverbatim.sty
\beamer@verbatimfileout=\write4
) (/Users/yutasato/Library/Application Support/MiKTeX/texmfs/install/tex/latex/beamer/beamerbaseframesize.sty
\beamer@splitbox=\box71
\beamer@autobreakcount=\count330
\beamer@autobreaklastheight=\dimen279
\beamer@frametitletoks=\toks31
\beamer@framesubtitletoks=\toks32
) (/Users/yutasato/Library/Application Support/MiKTeX/texmfs/install/tex/latex/beamer/beamerbaseframecomponents.sty
\beamer@footins=\box72
) (/Users/yutasato/Library/Application Support/MiKTeX/texmfs/install/tex/latex/beamer/beamerbasecolor.sty) (/Users/yutasato/Library/Application Support/MiKTeX/texmfs/install/tex/latex/beamer/beamerbasenotes.sty
\beamer@frameboxcopy=\box73
) (/Users/yutasato/Library/Application Support/MiKTeX/texmfs/install/tex/latex/beamer/beamerbasetoc.sty) (/Users/yutasato/Library/Application Support/MiKTeX/texmfs/install/tex/latex/beamer/beamerbasetemplates.sty
\beamer@sbttoks=\toks33
 (/Users/yutasato/Library/Application Support/MiKTeX/texmfs/install/tex/latex/beamer/beamerbaseauxtemplates.sty (/Users/yutasato/Library/Application Support/MiKTeX/texmfs/install/tex/latex/beamer/beamerbaseboxes.sty
\bmb@box=\box74
\bmb@colorbox=\box75
\bmb@boxwidth=\dimen280
\bmb@boxheight=\dimen281
\bmb@prevheight=\dimen282
\bmb@temp=\dimen283
\bmb@dima=\dimen284
\bmb@dimb=\dimen285
\bmb@prevheight=\dimen286
)
\beamer@blockheadheight=\dimen287
)) (/Users/yutasato/Library/Application Support/MiKTeX/texmfs/install/tex/latex/beamer/beamerbaselocalstructure.sty (/Users/yutasato/Library/Application Support/MiKTeX/texmfs/install/tex/latex/tools/enumerate.sty
Package: enumerate 2023/07/04 v3.00 enumerate extensions (DPC)
\@enLab=\toks34
)
\beamer@bibiconwidth=\skip57
\c@figure=\count331
\c@table=\count332
\abovecaptionskip=\skip58
\belowcaptionskip=\skip59
) (/Users/yutasato/Library/Application Support/MiKTeX/texmfs/install/tex/latex/beamer/beamerbasenavigation.sty (/Users/yutasato/Library/Application Support/MiKTeX/texmfs/install/tex/latex/beamer/beamerbasenavigationsymbols.tex)
\beamer@section@min@dim=\dimen288
) (/Users/yutasato/Library/Application Support/MiKTeX/texmfs/install/tex/latex/beamer/beamerbasetheorems.sty (/Users/yutasato/Library/Application Support/MiKTeX/texmfs/install/tex/latex/amsmath/amsmath.sty
Package: amsmath 2024/11/05 v2.17t AMS math features
\@mathmargin=\skip60

For additional information on amsmath, use the `?' option.
(/Users/yutasato/Library/Application Support/MiKTeX/texmfs/install/tex/latex/amsmath/amstext.sty
Package: amstext 2021/08/26 v2.01 AMS text
 (/Users/yutasato/Library/Application Support/MiKTeX/texmfs/install/tex/latex/amsmath/amsgen.sty
File: amsgen.sty 1999/11/30 v2.0 generic functions
\@emptytoks=\toks35
\ex@=\dimen289
)) (/Users/yutasato/Library/Application Support/MiKTeX/texmfs/install/tex/latex/amsmath/amsbsy.sty
Package: amsbsy 1999/11/29 v1.2d Bold Symbols
\pmbraise@=\dimen290
) (/Users/yutasato/Library/Application Support/MiKTeX/texmfs/install/tex/latex/amsmath/amsopn.sty
Package: amsopn 2022/04/08 v2.04 operator names
)
\inf@bad=\count333
LaTeX Info: Redefining \frac on input line 233.
\uproot@=\count334
\leftroot@=\count335
LaTeX Info: Redefining \overline on input line 398.
LaTeX Info: Redefining \colon on input line 409.
\classnum@=\count336
\DOTSCASE@=\count337
LaTeX Info: Redefining \ldots on input line 495.
LaTeX Info: Redefining \dots on input line 498.
LaTeX Info: Redefining \cdots on input line 619.
\Mathstrutbox@=\box76
\strutbox@=\box77
LaTeX Info: Redefining \big on input line 721.
LaTeX Info: Redefining \Big on input line 722.
LaTeX Info: Redefining \bigg on input line 723.
LaTeX Info: Redefining \Bigg on input line 724.
\big@size=\dimen291
LaTeX Font Info:    Redeclaring font encoding OML on input line 742.
LaTeX Font Info:    Redeclaring font encoding OMS on input line 743.
\macc@depth=\count338
LaTeX Info: Redefining \bmod on input line 904.
LaTeX Info: Redefining \pmod on input line 909.
LaTeX Info: Redefining \smash on input line 939.
LaTeX Info: Redefining \relbar on input line 969.
LaTeX Info: Redefining \Relbar on input line 970.
\c@MaxMatrixCols=\count339
\dotsspace@=\muskip18
\c@parentequation=\count340
\dspbrk@lvl=\count341
\tag@help=\toks36
\row@=\count342
\column@=\count343
\maxfields@=\count344
\andhelp@=\toks37
\eqnshift@=\dimen292
\alignsep@=\dimen293
\tagshift@=\dimen294
\tagwidth@=\dimen295
\totwidth@=\dimen296
\lineht@=\dimen297
\@envbody=\toks38
\multlinegap=\skip61
\multlinetaggap=\skip62
\mathdisplay@stack=\toks39
LaTeX Info: Redefining \[ on input line 2953.
LaTeX Info: Redefining \] on input line 2954.
) (/Users/yutasato/Library/Application Support/MiKTeX/texmfs/install/tex/latex/amscls/amsthm.sty
Package: amsthm 2020/05/29 v2.20.6
\thm@style=\toks40
\thm@bodyfont=\toks41
\thm@headfont=\toks42
\thm@notefont=\toks43
\thm@headpunct=\toks44
\thm@preskip=\skip63
\thm@postskip=\skip64
\thm@headsep=\skip65
\dth@everypar=\toks45
)
\c@theorem=\count345
) (/Users/yutasato/Library/Application Support/MiKTeX/texmfs/install/tex/latex/beamer/beamerbasethemes.sty)) (/Users/yutasato/Library/Application Support/MiKTeX/texmfs/install/tex/latex/beamer/beamerthemedefault.sty (/Users/yutasato/Library/Application Support/MiKTeX/texmfs/install/tex/latex/beamer/beamerfontthemedefault.sty) (/Users/yutasato/Library/Application Support/MiKTeX/texmfs/install/tex/latex/beamer/beamercolorthemedefault.sty) (/Users/yutasato/Library/Application Support/MiKTeX/texmfs/install/tex/latex/beamer/beamerinnerthemedefault.sty
\beamer@dima=\dimen298
\beamer@dimb=\dimen299
) (/Users/yutasato/Library/Application Support/MiKTeX/texmfs/install/tex/latex/beamer/beamerouterthemedefault.sty))) (/Users/yutasato/Library/Application Support/MiKTeX/texmfs/install/tex/latex/animate/animate.sty
Package: animate 2024/10/14 PDF & SVG animations from files and inline graphics
 (/Users/yutasato/Library/Application Support/MiKTeX/texmfs/install/tex/latex/base/ifthen.sty
Package: ifthen 2024/03/16 v1.1e Standard LaTeX ifthen package (DPC)
) (/Users/yutasato/Library/Application Support/MiKTeX/texmfs/install/tex/latex/oberdiek/ifdraft.sty
Package: ifdraft 2016/05/16 v1.4 Detect class options draft and final (HO)
) (/Users/yutasato/Library/Application Support/MiKTeX/texmfs/install/tex/latex/tools/calc.sty
Package: calc 2023/07/08 v4.3 Infix arithmetic (KKT,FJ)
\calc@Acount=\count346
\calc@Bcount=\count347
\calc@Adimen=\dimen300
\calc@Bdimen=\dimen301
\calc@Askip=\skip66
\calc@Bskip=\skip67
LaTeX Info: Redefining \setlength on input line 80.
LaTeX Info: Redefining \addtolength on input line 81.
\calc@Ccount=\count348
\calc@Cskip=\skip68
) (/Users/yutasato/Library/Application Support/MiKTeX/texmfs/install/tex/latex/media9/pdfbase.sty
Package: pdfbase 2024/09/16 v0.59 driver independent access to low-level PDF features
 (/Users/yutasato/Library/Application Support/MiKTeX/texmfs/install/tex/latex/l3backend/l3backend-pdftex.def
File: l3backend-pdftex.def 2025-03-14 L3 backend support: PDF output (pdfTeX)
\l__color_backend_stack_int=\count349
)
\g_pbs_page_int=\count350
\g_pbs_oc_int=\count351
) (/Users/yutasato/Library/Application Support/MiKTeX/texmfs/install/tex/latex/zref/zref-abspage.sty
Package: zref-abspage 2023-09-14 v2.35 Module abspage for zref (HO)
 (/Users/yutasato/Library/Application Support/MiKTeX/texmfs/install/tex/latex/zref/zref-base.sty
Package: zref-base 2023-09-14 v2.35 Module base for zref (HO)
 (/Users/yutasato/Library/Application Support/MiKTeX/texmfs/install/tex/generic/etexcmds/etexcmds.sty
Package: etexcmds 2019/12/15 v1.7 Avoid name clashes with e-TeX commands (HO)
) (/Users/yutasato/Library/Application Support/MiKTeX/texmfs/install/tex/latex/auxhook/auxhook.sty
Package: auxhook 2019-12-17 v1.6 Hooks for auxiliary files (HO)
)
Package zref Info: New property list: main on input line 767.
Package zref Info: New property: default on input line 768.
Package zref Info: New property: page on input line 769.
)
\c@abspage=\count352
Package zref Info: New property: abspage on input line 67.
) (/Users/yutasato/Library/Application Support/MiKTeX/texmfs/install/tex/latex/ocgx2/ocgbase.sty
Package: ocgbase 2024/09/15 v0.24 support package for ocgx2.sty
)
\@anim@box=\box78
\@anim@measbox=\box79
\@anim@tmpdima=\dimen302
\@anim@tmpdimb=\dimen303
\@anim@num=\count353
\@anim@curframe=\count354
\@anim@curframe@zb=\count355
\@anim@resizeflags=\count356
\@anim@skipfram=\count357
\@anim@mulframecnt=\count358
\@anim@@tmlnfile=\read3
\@anim@tmpcnt=\count359
\c@@anim@ltxcnt=\count360
\@anim@curlayer=\count361
\@anim@lineno=\count362
\@anim@curfield=\count363
\@anim@@resizeflags=\count364
) (/Users/yutasato/Library/Application Support/MiKTeX/texmfs/install/tex/latex/biblatex/biblatex.sty
Package: biblatex 2024/03/21 v3.20 programmable bibliographies (PK/MW)
 (/Users/yutasato/Library/Application Support/MiKTeX/texmfs/install/tex/latex/logreq/logreq.sty
Package: logreq 2010/08/04 v1.0 xml request logger
\lrq@indent=\count365
 (/Users/yutasato/Library/Application Support/MiKTeX/texmfs/install/tex/latex/logreq/logreq.def
File: logreq.def 2010/08/04 v1.0 logreq spec v1.0
))
\c@tabx@nest=\count366
\c@listtotal=\count367
\c@listcount=\count368
\c@liststart=\count369
\c@liststop=\count370
\c@citecount=\count371
\c@citetotal=\count372
\c@multicitecount=\count373
\c@multicitetotal=\count374
\c@instcount=\count375
\c@maxnames=\count376
\c@minnames=\count377
\c@maxitems=\count378
\c@minitems=\count379
\c@citecounter=\count380
\c@maxcitecounter=\count381
\c@savedcitecounter=\count382
\c@uniquelist=\count383
\c@uniquename=\count384
\c@refsection=\count385
\c@refsegment=\count386
\c@maxextratitle=\count387
\c@maxextratitleyear=\count388
\c@maxextraname=\count389
\c@maxextradate=\count390
\c@maxextraalpha=\count391
\c@abbrvpenalty=\count392
\c@highnamepenalty=\count393
\c@lownamepenalty=\count394
\c@maxparens=\count395
\c@parenlevel=\count396
\blx@tempcnta=\count397
\blx@tempcntb=\count398
\blx@tempcntc=\count399
\c@blx@maxsection=\count400
\blx@maxsegment@0=\count401
\blx@notetype=\count402
\blx@parenlevel@text=\count403
\blx@parenlevel@foot=\count404
\blx@sectionciteorder@0=\count405
\blx@sectionciteorderinternal@0=\count406
\blx@entrysetcounter=\count407
\blx@biblioinstance=\count408
\labelnumberwidth=\skip69
\labelalphawidth=\skip70
\biblabelsep=\skip71
\bibitemsep=\skip72
\bibnamesep=\skip73
\bibinitsep=\skip74
\bibparsep=\skip75
\bibhang=\skip76
\blx@bcfin=\read4
\blx@bcfout=\write5
\blx@langwohyphens=\language79
\c@mincomprange=\count409
\c@maxcomprange=\count410
\c@mincompwidth=\count411
Package biblatex Info: Trying to load biblatex default data model...
Package biblatex Info: ... file 'blx-dm.def' found.
 (/Users/yutasato/Library/Application Support/MiKTeX/texmfs/install/tex/latex/biblatex/blx-dm.def
File: blx-dm.def 2024/03/21 v3.20 biblatex datamodel (PK/MW)
)
Package biblatex Info: Trying to load biblatex style data model...
Package biblatex Info: ... file 'apa.dbx' found.
 (/Users/yutasato/Library/Application Support/MiKTeX/texmfs/install/tex/latex/biblatex-apa/apa.dbx
File: apa.dbx 2023/03/20 v9.17 APA biblatex style data model
)
Package biblatex Info: Trying to load biblatex custom data model...
Package biblatex Info: ... file 'biblatex-dm.cfg' not found.
\c@afterword=\count412
\c@savedafterword=\count413
\c@annotator=\count414
\c@savedannotator=\count415
\c@author=\count416
\c@savedauthor=\count417
\c@bookauthor=\count418
\c@savedbookauthor=\count419
\c@commentator=\count420
\c@savedcommentator=\count421
\c@editor=\count422
\c@savededitor=\count423
\c@editora=\count424
\c@savededitora=\count425
\c@editorb=\count426
\c@savededitorb=\count427
\c@editorc=\count428
\c@savededitorc=\count429
\c@foreword=\count430
\c@savedforeword=\count431
\c@holder=\count432
\c@savedholder=\count433
\c@introduction=\count434
\c@savedintroduction=\count435
\c@namea=\count436
\c@savednamea=\count437
\c@nameb=\count438
\c@savednameb=\count439
\c@namec=\count440
\c@savednamec=\count441
\c@translator=\count442
\c@savedtranslator=\count443
\c@shortauthor=\count444
\c@savedshortauthor=\count445
\c@shorteditor=\count446
\c@savedshorteditor=\count447
\c@narrator=\count448
\c@savednarrator=\count449
\c@execproducer=\count450
\c@savedexecproducer=\count451
\c@execdirector=\count452
\c@savedexecdirector=\count453
\c@with=\count454
\c@savedwith=\count455
\c@labelname=\count456
\c@savedlabelname=\count457
\c@institution=\count458
\c@savedinstitution=\count459
\c@lista=\count460
\c@savedlista=\count461
\c@listb=\count462
\c@savedlistb=\count463
\c@listc=\count464
\c@savedlistc=\count465
\c@listd=\count466
\c@savedlistd=\count467
\c@liste=\count468
\c@savedliste=\count469
\c@listf=\count470
\c@savedlistf=\count471
\c@location=\count472
\c@savedlocation=\count473
\c@organization=\count474
\c@savedorganization=\count475
\c@origlocation=\count476
\c@savedoriglocation=\count477
\c@origpublisher=\count478
\c@savedorigpublisher=\count479
\c@publisher=\count480
\c@savedpublisher=\count481
\c@language=\count482
\c@savedlanguage=\count483
\c@origlanguage=\count484
\c@savedoriglanguage=\count485
\c@citation=\count486
\c@savedcitation=\count487
\c@pageref=\count488
\c@savedpageref=\count489
\shorthandwidth=\skip77
\shortjournalwidth=\skip78
\shortserieswidth=\skip79
\shorttitlewidth=\skip80
\shortauthorwidth=\skip81
\shorteditorwidth=\skip82
\locallabelnumberwidth=\skip83
\locallabelalphawidth=\skip84
\localshorthandwidth=\skip85
\localshortjournalwidth=\skip86
\localshortserieswidth=\skip87
\localshorttitlewidth=\skip88
\localshortauthorwidth=\skip89
\localshorteditorwidth=\skip90
Package biblatex Info: Trying to load compatibility code...
Package biblatex Info: ... file 'blx-compat.def' found.
 (/Users/yutasato/Library/Application Support/MiKTeX/texmfs/install/tex/latex/biblatex/blx-compat.def
File: blx-compat.def 2024/03/21 v3.20 biblatex compatibility (PK/MW)
)
Package biblatex Info: Trying to load generic definitions...
Package biblatex Info: ... file 'biblatex.def' found.
 (/Users/yutasato/Library/Application Support/MiKTeX/texmfs/install/tex/latex/biblatex/biblatex.def
File: biblatex.def 2024/03/21 v3.20 biblatex compatibility (PK/MW)
\c@textcitecount=\count490
\c@textcitetotal=\count491
\c@textcitemaxnames=\count492
\c@biburlbigbreakpenalty=\count493
\c@biburlbreakpenalty=\count494
\c@biburlnumpenalty=\count495
\c@biburlucpenalty=\count496
\c@biburllcpenalty=\count497
\biburlbigskip=\muskip19
\biburlnumskip=\muskip20
\biburlucskip=\muskip21
\biburllcskip=\muskip22
\c@smartand=\count498
)
Package biblatex Info: Trying to load bibliography style 'apa'...
Package biblatex Info: ... file 'apa.bbx' found.
 (/Users/yutasato/Library/Application Support/MiKTeX/texmfs/install/tex/latex/biblatex-apa/apa.bbx
File: apa.bbx 2023/03/20 v9.17 APA biblatex references style
Package biblatex Info: Trying to load bibliography style 'standard'...
Package biblatex Info: ... file 'standard.bbx' found.
 (/Users/yutasato/Library/Application Support/MiKTeX/texmfs/install/tex/latex/biblatex/bbx/standard.bbx
File: standard.bbx 2024/03/21 v3.20 biblatex bibliography style (PK/MW)
\c@bbx:relatedcount=\count499
\c@bbx:relatedtotal=\count500
)
Package biblatex Info: Delimiter 'nameyeardelim' in context 'bib' already defined, overwriting.
Package biblatex Info: Delimiter 'nameyeardelim' in context 'biblist' already defined, overwriting.
Package biblatex Info: Delimiter 'nonameyeardelim' in context 'bib' already defined, overwriting.
Package biblatex Info: Delimiter 'nonameyeardelim' in context 'biblist' already defined, overwriting.
)
Package biblatex Info: Trying to load citation style 'apa'...
Package biblatex Info: ... file 'apa.cbx' found.
 (/Users/yutasato/Library/Application Support/MiKTeX/texmfs/install/tex/latex/biblatex-apa/apa.cbx
File: apa.cbx 2023/03/20 v9.17 APA biblatex citation style
Package biblatex Info: Delimiter 'nameyeardelim' in context '' already defined, overwriting.
Package biblatex Info: Delimiter 'andothersdelim' in context '' already defined, overwriting.
Package biblatex Info: Redefining '\fullcite'.
Package biblatex Info: Redefining '\citeauthor'.
Package biblatex Info: Redefining '\citeyear'.
Package biblatex Info: Redefining '\cite'.
Package biblatex Info: Redefining '\cites'.
Package biblatex Info: Redefining '\parencite'.
Package biblatex Info: Redefining '\parencites'.
Package biblatex Info: Redefining '\footcite'.
Package biblatex Info: Redefining '\footcites'.
Package biblatex Info: Redefining '\footcitetext'.
Package biblatex Info: Redefining '\footcitetexts'.
Package biblatex Info: Redefining '\smartcite'.
Package biblatex Info: Redefining '\smartcites'.
Package biblatex Info: Redefining '\textcite'.
Package biblatex Info: Redefining '\textcites'.
)
Package biblatex Info: Trying to load configuration file...
Package biblatex Info: ... file 'biblatex.cfg' found.
 (/Users/yutasato/Library/Application Support/MiKTeX/texmfs/install/tex/latex/biblatex/biblatex.cfg
File: biblatex.cfg 
)
Package biblatex Info: Input encoding 'utf8' detected.
Package biblatex Info: Document encoding is UTF8 ....
 (/Users/yutasato/Library/Application Support/MiKTeX/texmfs/install/tex/latex/l3kernel/expl3.sty
Package: expl3 2025-03-26 L3 programming layer (loader) 
)
Package biblatex Info: ... and expl3
(biblatex)             2025-03-26 L3 programming layer (loader) 
(biblatex)             is new enough (at least 2020/04/06),
(biblatex)             setting 'casechanger=expl3'.
 (/Users/yutasato/Library/Application Support/MiKTeX/texmfs/install/tex/latex/biblatex/blx-case-expl3.sty (/Users/yutasato/Library/Application Support/MiKTeX/texmfs/install/tex/latex/l3packages/xparse/xparse.sty
Package: xparse 2024-08-16 L3 Experimental document command parser
)
Package: blx-case-expl3 2024/03/21 v3.20 expl3 case changing code for biblatex
)) (/Users/yutasato/Library/Application Support/MiKTeX/texmfs/install/tex/latex/microtype/microtype.sty
Package: microtype 2025/02/11 v3.2a Micro-typographical refinements (RS)
\MT@toks=\toks46
\MT@tempbox=\box80
\MT@count=\count501
LaTeX Info: Redefining \noprotrusionifhmode on input line 1087.
LaTeX Info: Redefining \leftprotrusion on input line 1088.
\MT@prot@toks=\toks47
LaTeX Info: Redefining \rightprotrusion on input line 1107.
LaTeX Info: Redefining \textls on input line 1449.
\MT@outer@kern=\dimen304
LaTeX Info: Redefining \microtypecontext on input line 2053.
LaTeX Info: Redefining \textmicrotypecontext on input line 2070.
\MT@listname@count=\count502
 (/Users/yutasato/Library/Application Support/MiKTeX/texmfs/install/tex/latex/microtype/microtype-pdftex.def
File: microtype-pdftex.def 2025/02/11 v3.2a Definitions specific to pdftex (RS)
LaTeX Info: Redefining \lsstyle on input line 944.
LaTeX Info: Redefining \lslig on input line 944.
\MT@outer@space=\skip91
)
Package microtype Info: Loading configuration file microtype.cfg.
 (/Users/yutasato/Library/Application Support/MiKTeX/texmfs/install/tex/latex/microtype/microtype.cfg
File: microtype.cfg 2025/02/11 v3.2a microtype main configuration file (RS)
)
LaTeX Info: Redefining \microtypesetup on input line 3065.
) (/Users/yutasato/Library/Application Support/MiKTeX/texmfs/install/tex/latex/beamer/beamerthemeMadrid.sty (/Users/yutasato/Library/Application Support/MiKTeX/texmfs/install/tex/latex/beamer/beamercolorthemewhale.sty) (/Users/yutasato/Library/Application Support/MiKTeX/texmfs/install/tex/latex/beamer/beamercolorthemeorchid.sty) (/Users/yutasato/Library/Application Support/MiKTeX/texmfs/install/tex/latex/beamer/beamerinnerthemerounded.sty) (/Users/yutasato/Library/Application Support/MiKTeX/texmfs/install/tex/latex/beamer/beamerouterthemeinfolines.sty))
\@quotelevel=\count503
\@quotereset=\count504
 (main.aux)
\openout1 = `main.aux'.

LaTeX Font Info:    Checking defaults for OML/cmm/m/it on input line 21.
LaTeX Font Info:    ... okay on input line 21.
LaTeX Font Info:    Checking defaults for OMS/cmsy/m/n on input line 21.
LaTeX Font Info:    ... okay on input line 21.
LaTeX Font Info:    Checking defaults for OT1/cmr/m/n on input line 21.
LaTeX Font Info:    ... okay on input line 21.
LaTeX Font Info:    Checking defaults for T1/cmr/m/n on input line 21.
LaTeX Font Info:    ... okay on input line 21.
LaTeX Font Info:    Checking defaults for TS1/cmr/m/n on input line 21.
LaTeX Font Info:    ... okay on input line 21.
LaTeX Font Info:    Checking defaults for OMX/cmex/m/n on input line 21.
LaTeX Font Info:    ... okay on input line 21.
LaTeX Font Info:    Checking defaults for U/cmr/m/n on input line 21.
LaTeX Font Info:    ... okay on input line 21.
LaTeX Font Info:    Checking defaults for PD1/pdf/m/n on input line 21.
LaTeX Font Info:    ... okay on input line 21.
LaTeX Font Info:    Checking defaults for PU/pdf/m/n on input line 21.
LaTeX Font Info:    ... okay on input line 21.

*geometry* driver: auto-detecting
*geometry* detected driver: pdftex
*geometry* verbose mode - [ preamble ] result:
* driver: pdftex
* paper: custom
* layout: <same size as paper>
* layoutoffset:(h,v)=(0.0pt,0.0pt)
* modes: includehead includefoot 
* h-part:(L,W,R)=(10.95003pt, 433.34402pt, 10.95003pt)
* v-part:(T,H,B)=(0.0pt, 256.0748pt, 0.0pt)
* \paperwidth=455.24408pt
* \paperheight=256.0748pt
* \textwidth=433.34402pt
* \textheight=227.62207pt
* \oddsidemargin=-61.31996pt
* \evensidemargin=-61.31996pt
* \topmargin=-72.26999pt
* \headheight=14.22636pt
* \headsep=0.0pt
* \topskip=11.0pt
* \footskip=14.22636pt
* \marginparwidth=4.0pt
* \marginparsep=10.0pt
* \columnsep=10.0pt
* \skip\footins=10.0pt plus 4.0pt minus 2.0pt
* \hoffset=0.0pt
* \voffset=0.0pt
* \mag=1000
* \@twocolumnfalse
* \@twosidefalse
* \@mparswitchfalse
* \@reversemarginfalse
* (1in=72.27pt=25.4mm, 1cm=28.453pt)

(/Users/yutasato/Library/Application Support/MiKTeX/texmfs/install/tex/context/base/mkii/supp-pdf.mkii
[Loading MPS to PDF converter (version 2006.09.02).]
\scratchcounter=\count505
\scratchdimen=\dimen305
\scratchbox=\box81
\nofMPsegments=\count506
\nofMParguments=\count507
\everyMPshowfont=\toks48
\MPscratchCnt=\count508
\MPscratchDim=\dimen306
\MPnumerator=\count509
\makeMPintoPDFobject=\count510
\everyMPtoPDFconversion=\toks49
) (/Users/yutasato/Library/Application Support/MiKTeX/texmfs/install/tex/latex/epstopdf-pkg/epstopdf-base.sty
Package: epstopdf-base 2020-01-24 v2.11 Base part for package epstopdf
Package epstopdf-base Info: Redefining graphics rule for `.eps' on input line 485.
 (/Users/yutasato/Library/Application Support/MiKTeX/texmfs/install/tex/latex/00miktex/epstopdf-sys.cfg
File: epstopdf-sys.cfg 2021/03/18 v2.0 Configuration of epstopdf for MiKTeX
))
Package hyperref Info: Link coloring OFF on input line 21.
 (main.out) (main.out)
\@outlinefile=\write6
\openout6 = `main.out'.

LaTeX Font Info:    Overwriting symbol font `operators' in version `normal'
(Font)                  OT1/cmr/m/n --> OT1/cmss/m/n on input line 21.
LaTeX Font Info:    Overwriting symbol font `operators' in version `bold'
(Font)                  OT1/cmr/bx/n --> OT1/cmss/b/n on input line 21.
\symnumbers=\mathgroup6
\sympureletters=\mathgroup7
LaTeX Font Info:    Overwriting math alphabet `\mathrm' in version `normal'
(Font)                  OT1/cmss/m/n --> OT1/cmr/m/n on input line 21.
LaTeX Font Info:    Redeclaring math alphabet \mathbf on input line 21.
LaTeX Font Info:    Overwriting math alphabet `\mathbf' in version `normal'
(Font)                  OT1/cmr/bx/n --> OT1/cmss/b/n on input line 21.
LaTeX Font Info:    Overwriting math alphabet `\mathbf' in version `bold'
(Font)                  OT1/cmr/bx/n --> OT1/cmss/b/n on input line 21.
LaTeX Font Info:    Redeclaring math alphabet \mathsf on input line 21.
LaTeX Font Info:    Overwriting math alphabet `\mathsf' in version `normal'
(Font)                  OT1/cmss/m/n --> OT1/cmss/m/n on input line 21.
LaTeX Font Info:    Overwriting math alphabet `\mathsf' in version `bold'
(Font)                  OT1/cmss/bx/n --> OT1/cmss/m/n on input line 21.
LaTeX Font Info:    Redeclaring math alphabet \mathit on input line 21.
LaTeX Font Info:    Overwriting math alphabet `\mathit' in version `normal'
(Font)                  OT1/cmr/m/it --> OT1/cmss/m/it on input line 21.
LaTeX Font Info:    Overwriting math alphabet `\mathit' in version `bold'
(Font)                  OT1/cmr/bx/it --> OT1/cmss/m/it on input line 21.
LaTeX Font Info:    Redeclaring math alphabet \mathtt on input line 21.
LaTeX Font Info:    Overwriting math alphabet `\mathtt' in version `normal'
(Font)                  OT1/cmtt/m/n --> OT1/cmtt/m/n on input line 21.
LaTeX Font Info:    Overwriting math alphabet `\mathtt' in version `bold'
(Font)                  OT1/cmtt/m/n --> OT1/cmtt/m/n on input line 21.
LaTeX Font Info:    Overwriting symbol font `numbers' in version `bold'
(Font)                  OT1/cmss/m/n --> OT1/cmss/b/n on input line 21.
LaTeX Font Info:    Overwriting symbol font `pureletters' in version `bold'
(Font)                  OT1/cmss/m/it --> OT1/cmss/b/it on input line 21.
LaTeX Font Info:    Overwriting math alphabet `\mathrm' in version `bold'
(Font)                  OT1/cmss/b/n --> OT1/cmr/b/n on input line 21.
LaTeX Font Info:    Overwriting math alphabet `\mathbf' in version `bold'
(Font)                  OT1/cmss/b/n --> OT1/cmss/b/n on input line 21.
LaTeX Font Info:    Overwriting math alphabet `\mathsf' in version `bold'
(Font)                  OT1/cmss/m/n --> OT1/cmss/b/n on input line 21.
LaTeX Font Info:    Overwriting math alphabet `\mathit' in version `bold'
(Font)                  OT1/cmss/m/it --> OT1/cmss/b/it on input line 21.
LaTeX Font Info:    Overwriting math alphabet `\mathtt' in version `bold'
(Font)                  OT1/cmtt/m/n --> OT1/cmtt/b/n on input line 21.
LaTeX Font Info:    Redeclaring symbol font `pureletters' on input line 21.
LaTeX Font Info:    Overwriting symbol font `pureletters' in version `normal'
(Font)                  OT1/cmss/m/it --> OT1/mathkerncmss/m/sl on input line 21.
LaTeX Font Info:    Overwriting symbol font `pureletters' in version `bold'
(Font)                  OT1/cmss/b/it --> OT1/mathkerncmss/m/sl on input line 21.
LaTeX Font Info:    Overwriting symbol font `pureletters' in version `bold'
(Font)                  OT1/mathkerncmss/m/sl --> OT1/mathkerncmss/bx/sl on input line 21.
 (/Users/yutasato/Library/Application Support/MiKTeX/texmfs/install/tex/latex/translator/translator-basic-dictionary-English.dict
Dictionary: translator-basic-dictionary, Language: English 
) (/Users/yutasato/Library/Application Support/MiKTeX/texmfs/install/tex/latex/translator/translator-bibliography-dictionary-English.dict
Dictionary: translator-bibliography-dictionary, Language: English 
) (/Users/yutasato/Library/Application Support/MiKTeX/texmfs/install/tex/latex/translator/translator-environment-dictionary-English.dict
Dictionary: translator-environment-dictionary, Language: English 
) (/Users/yutasato/Library/Application Support/MiKTeX/texmfs/install/tex/latex/translator/translator-months-dictionary-English.dict
Dictionary: translator-months-dictionary, Language: English 
) (/Users/yutasato/Library/Application Support/MiKTeX/texmfs/install/tex/latex/translator/translator-numbers-dictionary-English.dict
Dictionary: translator-numbers-dictionary, Language: English 
) (/Users/yutasato/Library/Application Support/MiKTeX/texmfs/install/tex/latex/translator/translator-theorem-dictionary-English.dict
Dictionary: translator-theorem-dictionary, Language: English 
)
Package biblatex Info: Trying to load language 'english' -> 'english-apa'...
Package biblatex Info: ... file 'english-apa.lbx' found.
 (/Users/yutasato/Library/Application Support/MiKTeX/texmfs/install/tex/latex/biblatex-apa/english-apa.lbx
File: english-apa.lbx 2023/03/20 v9.17 APA biblatex localisation
Package biblatex Info: Trying to load language 'english'...
Package biblatex Info: ... file 'english.lbx' found.
 (/Users/yutasato/Library/Application Support/MiKTeX/texmfs/install/tex/latex/biblatex/lbx/english.lbx
File: english.lbx 2024/03/21 v3.20 biblatex localization (PK/MW)
)
Package biblatex Info: Trying to load language 'american' -> 'american-apa'...
Package biblatex Info: ... file 'american-apa.lbx' found.
 (/Users/yutasato/Library/Application Support/MiKTeX/texmfs/install/tex/latex/biblatex-apa/american-apa.lbx
File: american-apa.lbx 2023/03/20 v9.17 APA biblatex localisation
Package biblatex Info: Trying to load language 'american'...
Package biblatex Info: ... file 'american.lbx' found.
 (/Users/yutasato/Library/Application Support/MiKTeX/texmfs/install/tex/latex/biblatex/lbx/american.lbx
File: american.lbx 2024/03/21 v3.20 biblatex localization (PK/MW)
Package biblatex Info: Trying to load language 'english'...
Package biblatex Info: ... file 'english.lbx' found.
 (/Users/yutasato/Library/Application Support/MiKTeX/texmfs/install/tex/latex/biblatex/lbx/english.lbx
File: english.lbx 2024/03/21 v3.20 biblatex localization (PK/MW)
))))
Package biblatex Info: Input encoding 'utf8' detected.
Package biblatex Info: Automatic encoding selection.
(biblatex)             Assuming data encoding 'utf8'.
\openout5 = `main.bcf'.

Package biblatex Info: Trying to load bibliographic data...
Package biblatex Info: ... file 'main.bbl' found.
 (main.bbl)
Package biblatex Info: Reference section=0 on input line 21.
Package biblatex Info: Reference segment=0 on input line 21.
LaTeX Info: Redefining \microtypecontext on input line 21.
Package microtype Info: Applying patch `item' on input line 21.
Package microtype Info: Applying patch `toc' on input line 21.
Package microtype Info: Applying patch `eqnum' on input line 21.
Package microtype Info: Applying patch `footnote' on input line 21.
Package microtype Info: Applying patch `verbatim' on input line 21.
LaTeX Info: Redefining \microtypesetup on input line 21.
Package microtype Info: Generating PDF output.
Package microtype Info: Character protrusion enabled (level 2).
Package microtype Info: Using default protrusion set `alltext'.
Package microtype Info: Automatic font expansion enabled (level 2),
(microtype)             stretch: 20, shrink: 20, step: 1, non-selected.
Package microtype Info: Using default expansion set `alltext-nott'.
LaTeX Info: Redefining \showhyphens on input line 21.
Package microtype Info: No adjustment of tracking.
Package microtype Info: No adjustment of interword spacing.
Package microtype Info: No adjustment of character kerning.
Package microtype Info: Loading generic protrusion settings for font family
(microtype)             `cmss' (encoding: OT1).
(microtype)             For optimal results, create family-specific settings.
(microtype)             See the microtype manual for details.
 (main.nav)

[1

{/Users/yutasato/Library/Application Support/MiKTeX/texmfs/data/fonts/map/pdftex/pdftex.map}]

[2

]
<../images/social_network.png, id=119, 749.80125pt x 374.39874pt>
File: ../images/social_network.png Graphic file (type png)
<use ../images/social_network.png>
Package pdftex.def Info: ../images/social_network.png  used on input line 60.
(pdftex.def)             Requested size: 195.00093pt x 97.36993pt.
<../images/internet.jpg, id=121, 752.8125pt x 752.8125pt>
File: ../images/internet.jpg Graphic file (type jpg)
<use ../images/internet.jpg>
Package pdftex.def Info: ../images/internet.jpg  used on input line 60.
(pdftex.def)             Requested size: 121.70453pt x 121.70453pt.


[3

 <../images/social_network.png> <../images/internet.jpg>]
<../images/hetero_graph.png, id=153, 1002.74625pt x 564.1075pt>
File: ../images/hetero_graph.png Graphic file (type png)
<use ../images/hetero_graph.png>
Package pdftex.def Info: ../images/hetero_graph.png  used on input line 74.
(pdftex.def)             Requested size: 303.3395pt x 170.64519pt.

Overfull \vbox (5.64642pt too high) detected at line 74
 []



[4

 <../images/hetero_graph.png (PNG copy)>]
<../images/primal_dual.png, id=183, 1084.05pt x 433.62pt>
File: ../images/primal_dual.png Graphic file (type png)
<use ../images/primal_dual.png>
Package pdftex.def Info: ../images/primal_dual.png  used on input line 89.
(pdftex.def)             Requested size: 346.67653pt x 138.6686pt.


[5

 <../images/primal_dual.png>]
<../images/bike_share.png, id=214, 854.2314pt x 575.2692pt>
File: ../images/bike_share.png Graphic file (type png)
<use ../images/bike_share.png>
Package pdftex.def Info: ../images/bike_share.png  used on input line 109.
(pdftex.def)             Requested size: 180.71037pt x 121.69666pt.
<../images/trav_sum_network_overview.png, id=215, 959.0229pt x 860.013pt>
File: ../images/trav_sum_network_overview.png Graphic file (type png)
<use ../images/trav_sum_network_overview.png>
Package pdftex.def Info: ../images/trav_sum_network_overview.png  used on input line 109.
(pdftex.def)             Requested size: 135.711pt x 121.70015pt.


[6

 <../images/bike_share.png> <../images/trav_sum_network_overview.png>]
<../images/contiguity.png, id=246, 524.6802pt x 414.8298pt>
File: ../images/contiguity.png Graphic file (type png)
<use ../images/contiguity.png>
Package pdftex.def Info: ../images/contiguity.png  used on input line 122.
(pdftex.def)             Requested size: 216.67201pt x 171.3093pt.


[7

 <../images/contiguity.png>]
LaTeX Font Info:    Trying to load font information for U+msa on input line 138.
 (/Users/yutasato/Library/Application Support/MiKTeX/texmfs/install/tex/latex/amsfonts/umsa.fd
File: umsa.fd 2013/01/14 v3.01 AMS symbols A
) (/Users/yutasato/Library/Application Support/MiKTeX/texmfs/install/tex/latex/microtype/mt-msa.cfg
File: mt-msa.cfg 2006/02/04 v1.1 microtype config. file: AMS symbols (a) (RS)
)
LaTeX Font Info:    Trying to load font information for U+msb on input line 138.
 (/Users/yutasato/Library/Application Support/MiKTeX/texmfs/install/tex/latex/amsfonts/umsb.fd
File: umsb.fd 2013/01/14 v3.01 AMS symbols B
) (/Users/yutasato/Library/Application Support/MiKTeX/texmfs/install/tex/latex/microtype/mt-msb.cfg
File: mt-msb.cfg 2005/06/01 v1.0 microtype config. file: AMS symbols (b) (RS)
)
LaTeX Font Info:    Trying to load font information for OT1+mathkerncmss on input line 138.
 (/Users/yutasato/Library/Application Support/MiKTeX/texmfs/install/tex/latex/sansmathaccent/ot1mathkerncmss.fd
File: ot1mathkerncmss.fd 2020/01/31 Fontinst v1.933 font definitions for OT1/mathkerncmss.
)
Package microtype Info: Loading generic protrusion settings for font family
(microtype)             `mathkerncmss' (encoding: OT1).
(microtype)             For optimal results, create family-specific settings.
(microtype)             See the microtype manual for details.
<../images/node_embeddings.png, id=277, 923.45pt x 399.4925pt>
File: ../images/node_embeddings.png Graphic file (type png)
<use ../images/node_embeddings.png>
Package pdftex.def Info: ../images/node_embeddings.png  used on input line 138.
(pdftex.def)             Requested size: 216.67201pt x 93.73445pt.


[8

 <../images/node_embeddings.png>]
<../images/message_passing_framework-0.png, id=311, 407.5225pt x 354.32375pt>
File: ../images/message_passing_framework-0.png Graphic file (type png)
<use ../images/message_passing_framework-0.png>
Package pdftex.def Info: ../images/message_passing_framework-0.png  used on input line 154.
(pdftex.def)             Requested size: 407.5215pt x 354.32288pt.
 <../images/message_passing_framework-0.png> <a0,fr0>
<../images/message_passing_framework-1.png, id=315, 407.5225pt x 354.32375pt>
File: ../images/message_passing_framework-1.png Graphic file (type png)
<use ../images/message_passing_framework-1.png>
Package pdftex.def Info: ../images/message_passing_framework-1.png  used on input line 154.
(pdftex.def)             Requested size: 407.5215pt x 354.32288pt.
 <../images/message_passing_framework-1.png> <a0,fr1>
<../images/message_passing_framework-2.png, id=319, 407.5225pt x 354.32375pt>
File: ../images/message_passing_framework-2.png Graphic file (type png)
<use ../images/message_passing_framework-2.png>
Package pdftex.def Info: ../images/message_passing_framework-2.png  used on input line 154.
(pdftex.def)             Requested size: 407.5215pt x 354.32288pt.
 <../images/message_passing_framework-2.png> <a0,fr2>
<../images/message_passing_framework-3.png, id=323, 407.5225pt x 354.32375pt>
File: ../images/message_passing_framework-3.png Graphic file (type png)
<use ../images/message_passing_framework-3.png>
Package pdftex.def Info: ../images/message_passing_framework-3.png  used on input line 154.
(pdftex.def)             Requested size: 407.5215pt x 354.32288pt.
 <../images/message_passing_framework-3.png> <a0,fr3>
<../images/message_passing_framework-4.png, id=327, 407.5225pt x 354.32375pt>
File: ../images/message_passing_framework-4.png Graphic file (type png)
<use ../images/message_passing_framework-4.png>
Package pdftex.def Info: ../images/message_passing_framework-4.png  used on input line 154.
(pdftex.def)             Requested size: 407.5215pt x 354.32288pt.
 <../images/message_passing_framework-4.png> <a0,fr4>
<../images/message_passing_framework-5.png, id=331, 407.5225pt x 354.32375pt>
File: ../images/message_passing_framework-5.png Graphic file (type png)
<use ../images/message_passing_framework-5.png>
Package pdftex.def Info: ../images/message_passing_framework-5.png  used on input line 154.
(pdftex.def)             Requested size: 407.5215pt x 354.32288pt.
 <../images/message_passing_framework-5.png> <a0,fr5>
<../images/message_passing_framework-6.png, id=335, 407.5225pt x 354.32375pt>
File: ../images/message_passing_framework-6.png Graphic file (type png)
<use ../images/message_passing_framework-6.png>
Package pdftex.def Info: ../images/message_passing_framework-6.png  used on input line 154.
(pdftex.def)             Requested size: 407.5215pt x 354.32288pt.
 <../images/message_passing_framework-6.png> <a0,fr6>
<../images/message_passing_framework-7.png, id=339, 407.5225pt x 354.32375pt>
File: ../images/message_passing_framework-7.png Graphic file (type png)
<use ../images/message_passing_framework-7.png>
Package pdftex.def Info: ../images/message_passing_framework-7.png  used on input line 154.
(pdftex.def)             Requested size: 407.5215pt x 354.32288pt.
 <../images/message_passing_framework-7.png> <a0,fr7>
<../images/message_passing_framework-8.png, id=343, 407.5225pt x 354.32375pt>
File: ../images/message_passing_framework-8.png Graphic file (type png)
<use ../images/message_passing_framework-8.png>
Package pdftex.def Info: ../images/message_passing_framework-8.png  used on input line 154.
(pdftex.def)             Requested size: 407.5215pt x 354.32288pt.
 <../images/message_passing_framework-8.png> <a0,fr8>
<../images/message_passing_framework-9.png, id=347, 407.5225pt x 354.32375pt>
File: ../images/message_passing_framework-9.png Graphic file (type png)
<use ../images/message_passing_framework-9.png>
Package pdftex.def Info: ../images/message_passing_framework-9.png  used on input line 154.
(pdftex.def)             Requested size: 407.5215pt x 354.32288pt.
 <../images/message_passing_framework-9.png> <a0,fr9>
<../images/message_passing_framework-10.png, id=351, 407.5225pt x 354.32375pt>
File: ../images/message_passing_framework-10.png Graphic file (type png)
<use ../images/message_passing_framework-10.png>
Package pdftex.def Info: ../images/message_passing_framework-10.png  used on input line 154.
(pdftex.def)             Requested size: 407.5215pt x 354.32288pt.
 <../images/message_passing_framework-10.png> <a0,fr10>
<../images/message_passing_framework-11.png, id=355, 407.5225pt x 354.32375pt>
File: ../images/message_passing_framework-11.png Graphic file (type png)
<use ../images/message_passing_framework-11.png>
Package pdftex.def Info: ../images/message_passing_framework-11.png  used on input line 154.
(pdftex.def)             Requested size: 407.5215pt x 354.32288pt.
 <../images/message_passing_framework-11.png> <a0,fr11>
<../images/message_passing_framework-12.png, id=359, 407.5225pt x 354.32375pt>
File: ../images/message_passing_framework-12.png Graphic file (type png)
<use ../images/message_passing_framework-12.png>
Package pdftex.def Info: ../images/message_passing_framework-12.png  used on input line 154.
(pdftex.def)             Requested size: 407.5215pt x 354.32288pt.
 <../images/message_passing_framework-12.png> <a0,fr12>
<../images/message_passing_framework-13.png, id=363, 407.5225pt x 354.32375pt>
File: ../images/message_passing_framework-13.png Graphic file (type png)
<use ../images/message_passing_framework-13.png>
Package pdftex.def Info: ../images/message_passing_framework-13.png  used on input line 154.
(pdftex.def)             Requested size: 407.5215pt x 354.32288pt.
 <../images/message_passing_framework-13.png> <a0,fr13>
<../images/message_passing_framework-14.png, id=367, 407.5225pt x 354.32375pt>
File: ../images/message_passing_framework-14.png Graphic file (type png)
<use ../images/message_passing_framework-14.png>
Package pdftex.def Info: ../images/message_passing_framework-14.png  used on input line 154.
(pdftex.def)             Requested size: 407.5215pt x 354.32288pt.
 <../images/message_passing_framework-14.png> <a0,fr14>
<../images/message_passing_framework-15.png, id=371, 407.5225pt x 354.32375pt>
File: ../images/message_passing_framework-15.png Graphic file (type png)
<use ../images/message_passing_framework-15.png>
Package pdftex.def Info: ../images/message_passing_framework-15.png  used on input line 154.
(pdftex.def)             Requested size: 407.5215pt x 354.32288pt.
 <../images/message_passing_framework-15.png> <a0,fr15>
<../images/message_passing_framework-16.png, id=375, 407.5225pt x 354.32375pt>
File: ../images/message_passing_framework-16.png Graphic file (type png)
<use ../images/message_passing_framework-16.png>
Package pdftex.def Info: ../images/message_passing_framework-16.png  used on input line 154.
(pdftex.def)             Requested size: 407.5215pt x 354.32288pt.
 <../images/message_passing_framework-16.png> <a0,fr16>
<../images/message_passing_framework-17.png, id=379, 407.5225pt x 354.32375pt>
File: ../images/message_passing_framework-17.png Graphic file (type png)
<use ../images/message_passing_framework-17.png>
Package pdftex.def Info: ../images/message_passing_framework-17.png  used on input line 154.
(pdftex.def)             Requested size: 407.5215pt x 354.32288pt.
 <../images/message_passing_framework-17.png> <a0,fr17>
<../images/message_passing_framework-18.png, id=383, 407.5225pt x 354.32375pt>
File: ../images/message_passing_framework-18.png Graphic file (type png)
<use ../images/message_passing_framework-18.png>
Package pdftex.def Info: ../images/message_passing_framework-18.png  used on input line 154.
(pdftex.def)             Requested size: 407.5215pt x 354.32288pt.
 <../images/message_passing_framework-18.png> <a0,fr18>
<../images/message_passing_framework-19.png, id=387, 407.5225pt x 354.32375pt>
File: ../images/message_passing_framework-19.png Graphic file (type png)
<use ../images/message_passing_framework-19.png>
Package pdftex.def Info: ../images/message_passing_framework-19.png  used on input line 154.
(pdftex.def)             Requested size: 407.5215pt x 354.32288pt.
 <../images/message_passing_framework-19.png> <a0,fr19>
<../images/message_passing_framework-20.png, id=391, 407.5225pt x 354.32375pt>
File: ../images/message_passing_framework-20.png Graphic file (type png)
<use ../images/message_passing_framework-20.png>
Package pdftex.def Info: ../images/message_passing_framework-20.png  used on input line 154.
(pdftex.def)             Requested size: 407.5215pt x 354.32288pt.
 <../images/message_passing_framework-20.png> <a0,fr20>
<../images/message_passing_framework-21.png, id=395, 407.5225pt x 354.32375pt>
File: ../images/message_passing_framework-21.png Graphic file (type png)
<use ../images/message_passing_framework-21.png>
Package pdftex.def Info: ../images/message_passing_framework-21.png  used on input line 154.
(pdftex.def)             Requested size: 407.5215pt x 354.32288pt.
 <../images/message_passing_framework-21.png> <a0,fr21>
<../images/message_passing_framework-22.png, id=399, 407.5225pt x 354.32375pt>
File: ../images/message_passing_framework-22.png Graphic file (type png)
<use ../images/message_passing_framework-22.png>
Package pdftex.def Info: ../images/message_passing_framework-22.png  used on input line 154.
(pdftex.def)             Requested size: 407.5215pt x 354.32288pt.
 <../images/message_passing_framework-22.png> <a0,fr22>
<../images/message_passing_framework-23.png, id=403, 407.5225pt x 354.32375pt>
File: ../images/message_passing_framework-23.png Graphic file (type png)
<use ../images/message_passing_framework-23.png>
Package pdftex.def Info: ../images/message_passing_framework-23.png  used on input line 154.
(pdftex.def)             Requested size: 407.5215pt x 354.32288pt.
 <../images/message_passing_framework-23.png> <a0,fr23>
<../images/message_passing_framework-24.png, id=407, 407.5225pt x 354.32375pt>
File: ../images/message_passing_framework-24.png Graphic file (type png)
<use ../images/message_passing_framework-24.png>
Package pdftex.def Info: ../images/message_passing_framework-24.png  used on input line 154.
(pdftex.def)             Requested size: 407.5215pt x 354.32288pt.
 <../images/message_passing_framework-24.png> <a0,fr24>
<../images/message_passing_framework-25.png, id=411, 407.5225pt x 354.32375pt>
File: ../images/message_passing_framework-25.png Graphic file (type png)
<use ../images/message_passing_framework-25.png>
Package pdftex.def Info: ../images/message_passing_framework-25.png  used on input line 154.
(pdftex.def)             Requested size: 407.5215pt x 354.32288pt.
 <../images/message_passing_framework-25.png> <a0,fr25>
<../images/message_passing_framework-26.png, id=415, 407.5225pt x 354.32375pt>
File: ../images/message_passing_framework-26.png Graphic file (type png)
<use ../images/message_passing_framework-26.png>
Package pdftex.def Info: ../images/message_passing_framework-26.png  used on input line 154.
(pdftex.def)             Requested size: 407.5215pt x 354.32288pt.
 <../images/message_passing_framework-26.png> <a0,fr26>
<../images/message_passing_framework-27.png, id=419, 407.5225pt x 354.32375pt>
File: ../images/message_passing_framework-27.png Graphic file (type png)
<use ../images/message_passing_framework-27.png>
Package pdftex.def Info: ../images/message_passing_framework-27.png  used on input line 154.
(pdftex.def)             Requested size: 407.5215pt x 354.32288pt.
 <../images/message_passing_framework-27.png> <a0,fr27>
<../images/message_passing_framework-28.png, id=423, 407.5225pt x 354.32375pt>
File: ../images/message_passing_framework-28.png Graphic file (type png)
<use ../images/message_passing_framework-28.png>
Package pdftex.def Info: ../images/message_passing_framework-28.png  used on input line 154.
(pdftex.def)             Requested size: 407.5215pt x 354.32288pt.
 <../images/message_passing_framework-28.png> <a0,fr28>
<../images/message_passing_framework-29.png, id=427, 407.5225pt x 354.32375pt>
File: ../images/message_passing_framework-29.png Graphic file (type png)
<use ../images/message_passing_framework-29.png>
Package pdftex.def Info: ../images/message_passing_framework-29.png  used on input line 154.
(pdftex.def)             Requested size: 407.5215pt x 354.32288pt.
 <../images/message_passing_framework-29.png> <a0,fr29>
<../images/message_passing_framework-30.png, id=431, 407.5225pt x 354.32375pt>
File: ../images/message_passing_framework-30.png Graphic file (type png)
<use ../images/message_passing_framework-30.png>
Package pdftex.def Info: ../images/message_passing_framework-30.png  used on input line 154.
(pdftex.def)             Requested size: 407.5215pt x 354.32288pt.
 <../images/message_passing_framework-30.png> <a0,fr30>
<../images/message_passing_framework-31.png, id=435, 407.5225pt x 354.32375pt>
File: ../images/message_passing_framework-31.png Graphic file (type png)
<use ../images/message_passing_framework-31.png>
Package pdftex.def Info: ../images/message_passing_framework-31.png  used on input line 154.
(pdftex.def)             Requested size: 407.5215pt x 354.32288pt.
 <../images/message_passing_framework-31.png> <a0,fr31>
<../images/message_passing_framework-32.png, id=439, 407.5225pt x 354.32375pt>
File: ../images/message_passing_framework-32.png Graphic file (type png)
<use ../images/message_passing_framework-32.png>
Package pdftex.def Info: ../images/message_passing_framework-32.png  used on input line 154.
(pdftex.def)             Requested size: 407.5215pt x 354.32288pt.
 <../images/message_passing_framework-32.png> <a0,fr32>
<../images/message_passing_framework-33.png, id=443, 407.5225pt x 354.32375pt>
File: ../images/message_passing_framework-33.png Graphic file (type png)
<use ../images/message_passing_framework-33.png>
Package pdftex.def Info: ../images/message_passing_framework-33.png  used on input line 154.
(pdftex.def)             Requested size: 407.5215pt x 354.32288pt.
 <../images/message_passing_framework-33.png> <a0,fr33>
<../images/message_passing_framework-34.png, id=447, 407.5225pt x 354.32375pt>
File: ../images/message_passing_framework-34.png Graphic file (type png)
<use ../images/message_passing_framework-34.png>
Package pdftex.def Info: ../images/message_passing_framework-34.png  used on input line 154.
(pdftex.def)             Requested size: 407.5215pt x 354.32288pt.
 <../images/message_passing_framework-34.png> <a0,fr34>
<../images/message_passing_framework-35.png, id=451, 407.5225pt x 354.32375pt>
File: ../images/message_passing_framework-35.png Graphic file (type png)
<use ../images/message_passing_framework-35.png>
Package pdftex.def Info: ../images/message_passing_framework-35.png  used on input line 154.
(pdftex.def)             Requested size: 407.5215pt x 354.32288pt.
 <../images/message_passing_framework-35.png> <a0,fr35>
<../images/message_passing_framework-36.png, id=455, 407.5225pt x 354.32375pt>
File: ../images/message_passing_framework-36.png Graphic file (type png)
<use ../images/message_passing_framework-36.png>
Package pdftex.def Info: ../images/message_passing_framework-36.png  used on input line 154.
(pdftex.def)             Requested size: 407.5215pt x 354.32288pt.
 <../images/message_passing_framework-36.png> <a0,fr36>
<../images/message_passing_framework-37.png, id=459, 407.5225pt x 354.32375pt>
File: ../images/message_passing_framework-37.png Graphic file (type png)
<use ../images/message_passing_framework-37.png>
Package pdftex.def Info: ../images/message_passing_framework-37.png  used on input line 154.
(pdftex.def)             Requested size: 407.5215pt x 354.32288pt.
 <../images/message_passing_framework-37.png> <a0,fr37>
<../images/message_passing_framework-38.png, id=463, 407.5225pt x 354.32375pt>
File: ../images/message_passing_framework-38.png Graphic file (type png)
<use ../images/message_passing_framework-38.png>
Package pdftex.def Info: ../images/message_passing_framework-38.png  used on input line 154.
(pdftex.def)             Requested size: 407.5215pt x 354.32288pt.
 <../images/message_passing_framework-38.png> <a0,fr38>
<../images/message_passing_framework-39.png, id=467, 407.5225pt x 354.32375pt>
File: ../images/message_passing_framework-39.png Graphic file (type png)
<use ../images/message_passing_framework-39.png>
Package pdftex.def Info: ../images/message_passing_framework-39.png  used on input line 154.
(pdftex.def)             Requested size: 407.5215pt x 354.32288pt.
 <../images/message_passing_framework-39.png> <a0,fr39>
<../images/message_passing_framework-40.png, id=471, 407.5225pt x 354.32375pt>
File: ../images/message_passing_framework-40.png Graphic file (type png)
<use ../images/message_passing_framework-40.png>
Package pdftex.def Info: ../images/message_passing_framework-40.png  used on input line 154.
(pdftex.def)             Requested size: 407.5215pt x 354.32288pt.
 <../images/message_passing_framework-40.png> <a0,fr40>
<../images/message_passing_framework-41.png, id=475, 407.5225pt x 354.32375pt>
File: ../images/message_passing_framework-41.png Graphic file (type png)
<use ../images/message_passing_framework-41.png>
Package pdftex.def Info: ../images/message_passing_framework-41.png  used on input line 154.
(pdftex.def)             Requested size: 407.5215pt x 354.32288pt.
 <../images/message_passing_framework-41.png> <a0,fr41>
<../images/message_passing_framework-42.png, id=479, 407.5225pt x 354.32375pt>
File: ../images/message_passing_framework-42.png Graphic file (type png)
<use ../images/message_passing_framework-42.png>
Package pdftex.def Info: ../images/message_passing_framework-42.png  used on input line 154.
(pdftex.def)             Requested size: 407.5215pt x 354.32288pt.
 <../images/message_passing_framework-42.png> <a0,fr42>
<../images/message_passing_framework-43.png, id=483, 407.5225pt x 354.32375pt>
File: ../images/message_passing_framework-43.png Graphic file (type png)
<use ../images/message_passing_framework-43.png>
Package pdftex.def Info: ../images/message_passing_framework-43.png  used on input line 154.
(pdftex.def)             Requested size: 407.5215pt x 354.32288pt.
 <../images/message_passing_framework-43.png> <a0,fr43>
<../images/message_passing_framework-44.png, id=487, 407.5225pt x 354.32375pt>
File: ../images/message_passing_framework-44.png Graphic file (type png)
<use ../images/message_passing_framework-44.png>
Package pdftex.def Info: ../images/message_passing_framework-44.png  used on input line 154.
(pdftex.def)             Requested size: 407.5215pt x 354.32288pt.
 <../images/message_passing_framework-44.png> <a0,fr44>
<../images/message_passing_framework-45.png, id=491, 407.5225pt x 354.32375pt>
File: ../images/message_passing_framework-45.png Graphic file (type png)
<use ../images/message_passing_framework-45.png>
Package pdftex.def Info: ../images/message_passing_framework-45.png  used on input line 154.
(pdftex.def)             Requested size: 407.5215pt x 354.32288pt.
 <../images/message_passing_framework-45.png> <a0,fr45>
<../images/message_passing_framework-46.png, id=495, 407.5225pt x 354.32375pt>
File: ../images/message_passing_framework-46.png Graphic file (type png)
<use ../images/message_passing_framework-46.png>
Package pdftex.def Info: ../images/message_passing_framework-46.png  used on input line 154.
(pdftex.def)             Requested size: 407.5215pt x 354.32288pt.
 <../images/message_passing_framework-46.png> <a0,fr46>
<../images/message_passing_framework-47.png, id=499, 407.5225pt x 354.32375pt>
File: ../images/message_passing_framework-47.png Graphic file (type png)
<use ../images/message_passing_framework-47.png>
Package pdftex.def Info: ../images/message_passing_framework-47.png  used on input line 154.
(pdftex.def)             Requested size: 407.5215pt x 354.32288pt.
 <../images/message_passing_framework-47.png> <a0,fr47>
<../images/message_passing_framework-48.png, id=503, 407.5225pt x 354.32375pt>
File: ../images/message_passing_framework-48.png Graphic file (type png)
<use ../images/message_passing_framework-48.png>
Package pdftex.def Info: ../images/message_passing_framework-48.png  used on input line 154.
(pdftex.def)             Requested size: 407.5215pt x 354.32288pt.
 <../images/message_passing_framework-48.png> <a0,fr48>
<../images/message_passing_framework-49.png, id=507, 407.5225pt x 354.32375pt>
File: ../images/message_passing_framework-49.png Graphic file (type png)
<use ../images/message_passing_framework-49.png>
Package pdftex.def Info: ../images/message_passing_framework-49.png  used on input line 154.
(pdftex.def)             Requested size: 407.5215pt x 354.32288pt.
 <../images/message_passing_framework-49.png> <a0,fr49>
<../images/message_passing_framework-50.png, id=511, 407.5225pt x 354.32375pt>
File: ../images/message_passing_framework-50.png Graphic file (type png)
<use ../images/message_passing_framework-50.png>
Package pdftex.def Info: ../images/message_passing_framework-50.png  used on input line 154.
(pdftex.def)             Requested size: 407.5215pt x 354.32288pt.
 <../images/message_passing_framework-50.png> <a0,fr50>
<../images/message_passing_framework-51.png, id=515, 407.5225pt x 354.32375pt>
File: ../images/message_passing_framework-51.png Graphic file (type png)
<use ../images/message_passing_framework-51.png>
Package pdftex.def Info: ../images/message_passing_framework-51.png  used on input line 154.
(pdftex.def)             Requested size: 407.5215pt x 354.32288pt.
 <../images/message_passing_framework-51.png> <a0,fr51>
<../images/message_passing_framework-52.png, id=519, 407.5225pt x 354.32375pt>
File: ../images/message_passing_framework-52.png Graphic file (type png)
<use ../images/message_passing_framework-52.png>
Package pdftex.def Info: ../images/message_passing_framework-52.png  used on input line 154.
(pdftex.def)             Requested size: 407.5215pt x 354.32288pt.
 <../images/message_passing_framework-52.png> <a0,fr52>
<../images/message_passing_framework-53.png, id=523, 407.5225pt x 354.32375pt>
File: ../images/message_passing_framework-53.png Graphic file (type png)
<use ../images/message_passing_framework-53.png>
Package pdftex.def Info: ../images/message_passing_framework-53.png  used on input line 154.
(pdftex.def)             Requested size: 407.5215pt x 354.32288pt.
 <../images/message_passing_framework-53.png> <a0,fr53>
<../images/message_passing_framework-54.png, id=527, 407.5225pt x 354.32375pt>
File: ../images/message_passing_framework-54.png Graphic file (type png)
<use ../images/message_passing_framework-54.png>
Package pdftex.def Info: ../images/message_passing_framework-54.png  used on input line 154.
(pdftex.def)             Requested size: 407.5215pt x 354.32288pt.
 <../images/message_passing_framework-54.png> <a0,fr54>

[9

]
<../images/cnn_vs_gnn.png, id=620, 853.1875pt x 389.455pt>
File: ../images/cnn_vs_gnn.png Graphic file (type png)
<use ../images/cnn_vs_gnn.png>
Package pdftex.def Info: ../images/cnn_vs_gnn.png  used on input line 176.
(pdftex.def)             Requested size: 216.67201pt x 98.90263pt.


[10

 <../images/cnn_vs_gnn.png>]
LaTeX Font Info:    Font shape `OT1/cmss/b/n' in size <10.95> not available
(Font)              Font shape `OT1/cmss/bx/n' tried instead on input line 201.
LaTeX Font Info:    Font shape `OT1/cmss/b/n' in size <8> not available
(Font)              Font shape `OT1/cmss/bx/n' tried instead on input line 201.
LaTeX Font Info:    Font shape `OT1/cmss/b/n' in size <6> not available
(Font)              Font shape `OT1/cmss/bx/n' tried instead on input line 201.
LaTeX Font Info:    Font shape `OT1/cmss/b/n' in size <10> not available
(Font)              Font shape `OT1/cmss/bx/n' tried instead on input line 201.
LaTeX Font Info:    Font shape `OT1/cmss/b/n' in size <7> not available
(Font)              Font shape `OT1/cmss/bx/n' tried instead on input line 201.
LaTeX Font Info:    Font shape `OT1/cmss/b/n' in size <5> not available
(Font)              Font shape `OT1/cmss/bx/n' tried instead on input line 201.


[11

]
<../images/graph_attention_networks.png, id=683, 682.04813pt x 323.70938pt>
File: ../images/graph_attention_networks.png Graphic file (type png)
<use ../images/graph_attention_networks.png>
Package pdftex.def Info: ../images/graph_attention_networks.png  used on input line 219.
(pdftex.def)             Requested size: 173.33496pt x 82.26572pt.


[12

 <../images/graph_attention_networks.png>]
<../images/graphsage.png, id=716, 994.71625pt x 434.62375pt>
File: ../images/graphsage.png Graphic file (type png)
<use ../images/graphsage.png>
Package pdftex.def Info: ../images/graphsage.png  used on input line 238.
(pdftex.def)             Requested size: 173.33496pt x 75.73534pt.


[13

 <../images/graphsage.png>]
<../images/GAE.png, id=751, 332.56992pt x 71.63045pt>
File: ../images/GAE.png Graphic file (type png)
<use ../images/GAE.png>
Package pdftex.def Info: ../images/GAE.png  used on input line 259.
(pdftex.def)             Requested size: 260.00905pt x 56.00267pt.
<../images/graph_pooling.png, id=753, 1112.155pt x 234.8775pt>
File: ../images/graph_pooling.png Graphic file (type png)
<use ../images/graph_pooling.png>
Package pdftex.def Info: ../images/graph_pooling.png  used on input line 259.
(pdftex.def)             Requested size: 260.00905pt x 54.9095pt.


[14

 <../images/GAE.png> <../images/graph_pooling.png>]
<../images/Fan_and_Mostafavi_2024.png, id=788, 1282.7925pt x 625.33624pt>
File: ../images/Fan_and_Mostafavi_2024.png Graphic file (type png)
<use ../images/Fan_and_Mostafavi_2024.png>
Package pdftex.def Info: ../images/Fan_and_Mostafavi_2024.png  used on input line 275.
(pdftex.def)             Requested size: 216.67201pt x 105.61873pt.


[15

 <../images/Fan_and_Mostafavi_2024.png>]
<../images/de_sabbata_and_liu_2023.jpg, id=820, 1120.185pt x 672.8337pt>
File: ../images/de_sabbata_and_liu_2023.jpg Graphic file (type jpg)
<use ../images/de_sabbata_and_liu_2023.jpg>
Package pdftex.def Info: ../images/de_sabbata_and_liu_2023.jpg  used on input line 291.
(pdftex.def)             Requested size: 173.33496pt x 104.1136pt.


[16

 <../images/de_sabbata_and_liu_2023.jpg>]
<../images/chen_et_al_2025.jpg, id=850, 483.77538pt x 274.626pt>
File: ../images/chen_et_al_2025.jpg Graphic file (type jpg)
<use ../images/chen_et_al_2025.jpg>
Package pdftex.def Info: ../images/chen_et_al_2025.jpg  used on input line 307.
(pdftex.def)             Requested size: 216.67201pt x 122.99808pt.


[17

 <../images/chen_et_al_2025.jpg>]
<../images/PyG.png, id=879, 389.455pt x 130.4875pt>
File: ../images/PyG.png Graphic file (type png)
<use ../images/PyG.png>
Package pdftex.def Info: ../images/PyG.png  used on input line 331.
(pdftex.def)             Requested size: 130.00452pt x 43.55678pt.


[18

 <../images/PyG.png>]

[19

 </Users/yutasato/Library/Application Support/MiKTeX/texmfs/install/tex/latex/beamer/beamericonarticle.pdf>]

[20


]
\tf@nav=\write7
\openout7 = `main.nav'.

\tf@toc=\write8
\openout8 = `main.toc'.

\tf@snm=\write9
\openout9 = `main.snm'.

 (main.aux)
 ***********
LaTeX2e <2024-11-01> patch level 2
L3 programming layer <2025-03-26>
 ***********
Package rerunfilecheck Info: File `main.out' has not changed.
(rerunfilecheck)             Checksum: CA7B9378CACC60A5DE01C7EA90C37440;821.
Package logreq Info: Writing requests to 'main.run.xml'.
\openout1 = `main.run.xml'.

 ) 
Here is how much of TeX's memory you used:
 34230 strings out of 469964
 705521 string characters out of 5459828
 1582270 words of memory out of 5000000
 60316 multiletter control sequences out of 15000+600000
 642491 words of font info for 125 fonts, out of 8000000 for 9000
 1141 hyphenation exceptions out of 8191
 128i,15n,123p,2178b,5050s stack positions out of 10000i,1000n,20000p,200000b,200000s
</Users/yutasato/Library/Application Support/MiKTeX/texmfs/install/fonts/type1/public/amsfonts/cm/cmex10.pfb></Users/yutasato/Library/Application Support/MiKTeX/texmfs/install/fonts/type1/public/amsfonts/cm/cmmi10.pfb></Users/yutasato/Library/Application Support/MiKTeX/texmfs/install/fonts/type1/public/amsfonts/cm/cmss10.pfb></Users/yutasato/Library/Application Support/MiKTeX/texmfs/install/fonts/type1/public/amsfonts/cm/cmss12.pfb></Users/yutasato/Library/Application Support/MiKTeX/texmfs/install/fonts/type1/public/amsfonts/cm/cmss8.pfb></Users/yutasato/Library/Application Support/MiKTeX/texmfs/install/fonts/type1/public/amsfonts/cm/cmssbx10.pfb></Users/yutasato/Library/Application Support/MiKTeX/texmfs/install/fonts/type1/public/amsfonts/cm/cmssi10.pfb></Users/yutasato/Library/Application Support/MiKTeX/texmfs/install/fonts/type1/public/amsfonts/cm/cmssi8.pfb></Users/yutasato/Library/Application Support/MiKTeX/texmfs/install/fonts/type1/public/amsfonts/cm/cmsy10.pfb></Users/yutasato/Library/Application Support/MiKTeX/texmfs/install/fonts/type1/public/amsfonts/cm/cmsy5.pfb></Users/yutasato/Library/Application Support/MiKTeX/texmfs/install/fonts/type1/public/amsfonts/cm/cmsy7.pfb></Users/yutasato/Library/Application Support/MiKTeX/texmfs/install/fonts/type1/public/amsfonts/cm/cmsy8.pfb></Users/yutasato/Library/Application Support/MiKTeX/texmfs/install/fonts/type1/public/amsfonts/symbols/msam10.pfb></Users/yutasato/Library/Application Support/MiKTeX/texmfs/install/fonts/type1/public/amsfonts/symbols/msbm10.pfb>
Output written on main.pdf (20 pages, 8893615 bytes).
PDF statistics:
 1054 PDF objects out of 1200 (max. 8388607)
 57 named destinations out of 1000 (max. 500000)
 38741 words of extra memory for PDF output out of 42996 (max. 10000000)

